******************************************************************************
                  TI ARM Linker PC v15.12.3                    
******************************************************************************
>> Linked Thu Jan 10 17:14:15 2019

OUTPUT FILE NAME:   <RTOSDemo.out>
ENTRY POINT SYMBOL: "_c_int00"  address: 000077a5


MEMORY CONFIGURATION

         name            origin    length      used     unused   attr    fill
----------------------  --------  ---------  --------  --------  ----  --------
  MAIN                  00000000   00040000  000091ae  00036e52  R  X
  INFO                  00200000   00004000  00000000  00004000  R  X
  SRAM_CODE             01000000   00010000  00000000  00010000  RW X
  SRAM_DATA             20000000   00010000  0000d8e4  0000271c  RW  


SEGMENT ALLOCATION MAP

run origin  load origin   length   init length attrs members
----------  ----------- ---------- ----------- ----- -------
00000000    00000000    000091b4   000091b4    r-x
  00000000    00000000    00000144   00000144    r-- .intvecs
  00000148    00000148    00008cb2   00008cb2    r-x .text
  00008dfc    00008dfc    0000030c   0000030c    r-- .const
  00009108    00009108    000000ac   000000ac    r-- .cinit
20000000    20000000    0000d5c4   00000000    rw-
  20000000    20000000    0000d1c4   00000000    rw- .bss
  2000d1c4    2000d1c4    00000400   00000000    rw- .data
2000fce0    2000fce0    00000320   00000000    rw-
  2000fce0    2000fce0    00000320   00000000    rw- .stack


SECTION ALLOCATION MAP

 output                                  attributes/
section   page    origin      length       input sections
--------  ----  ----------  ----------   ----------------
.intvecs   0    00000000    00000144     
                  00000000    00000144     msp432_startup_ccs.obj (.intvecs:retain)

.text      0    00000148    00008cb2     
                  00000148    0000079e     TaskNotify.obj (.text:prvSingleTaskTests)
                  000008e6    00000002     rtsv7M4_T_le_v4SPD16_eabi.lib : i_div0.obj (.text)
                  000008e8    000002c4     TimerDemo.obj (.text:prvTest6_CheckAutoReloadResetBehaviour)
                  00000bac    00000004     rtsv7M4_T_le_v4SPD16_eabi.lib : pre_init.obj (.text)
                  00000bb0    000002ac     GenQTest.obj (.text:prvSendFrontAndBackTest)
                  00000e5c    00000002     rtsv7M4_T_le_v4SPD16_eabi.lib : mpu_init.obj (.text)
                  00000e5e    00000002                                   : startup.obj (.text)
                  00000e60    000001e8     TimerDemo.obj (.text:prvTest1_CreateTimersWithoutSchedulerRunning)
                  00001048    000001c4     printf-stdarg.obj (.text:tiny_print)
                  0000120c    00000004     --HOLE-- [fill = 0]
                  00001210    000001c0     IntQueue.obj (.text:xSecondTimerHandler)
                  000013d0    000001b4     EventGroupsDemo.obj (.text:prvPerformTaskSyncTests)
                  00001584    00000004     --HOLE-- [fill = 0]
                  00001588    000001b4     queue.obj (.text:xQueueSemaphoreTake)
                  0000173c    00000004     --HOLE-- [fill = 0]
                  00001740    00000194     queue.obj (.text:xQueueGenericSend)
                  000018d4    00000004     --HOLE-- [fill = 0]
                  000018d8    00000174     FreeRTOS_CLI.obj (.text:FreeRTOS_CLIProcessCommand)
                  00001a4c    00000004     --HOLE-- [fill = 0]
                  00001a50    0000016c     queue.obj (.text:xQueuePeek)
                  00001bbc    00000004     --HOLE-- [fill = 0]
                  00001bc0    00000164     queue.obj (.text:xQueueReceive)
                  00001d24    00000004     --HOLE-- [fill = 0]
                  00001d28    00000158     recmutex.obj (.text:prvRecursiveMutexPollingTask)
                  00001e80    00000158     IntSemTest.obj (.text:prvTakeAndGiveInTheSameOrder)
                  00001fd8    0000014c     UARTCommandConsole.obj (.text:prvUARTCommandConsoleTask)
                  00002124    00000004     --HOLE-- [fill = 0]
                  00002128    00000148     cs.obj (.text:CS_getDCOFrequency)
                  00002270    00000140     TimerDemo.obj (.text:prvTest4_CheckAutoReloadTimersCanBeStopped)
                  000023b0    00000138     IntQueue.obj (.text:prvHigherPriorityNormallyEmptyTask)
                  000024e8    00000138     heap_4.obj (.text:pvPortMalloc)
                  00002620    00000134     port.obj (.text:vPortSuppressTicksAndSleep)
                  00002754    00000004     --HOLE-- [fill = 0]
                  00002758    00000134     tasks.obj (.text:xTaskIncrementTick)
                  0000288c    00000004     --HOLE-- [fill = 0]
                  00002890    00000130     IntQueue.obj (.text:prv1stHigherPriorityNormallyFullTask)
                  000029c0    00000130     IntSemTest.obj (.text:prvTakeAndGiveInTheOppositeOrder)
                  00002af0    00000130     IntQueue.obj (.text:xFirstTimerHandler)
                  00002c20    0000012c     event_groups.obj (.text:xEventGroupWaitBits)
                  00002d4c    00000004     --HOLE-- [fill = 0]
                  00002d50    0000011c     EventGroupsDemo.obj (.text:prvTestSlaveTask)
                  00002e6c    00000004     --HOLE-- [fill = 0]
                  00002e70    00000118     cs.obj (.text:CS_initClockSignal)
                  00002f88    00000118     tasks.obj (.text:xTaskGenericNotify)
                  000030a0    00000114     cs.obj (.text:_CSComputeCLKFrequency)
                  000031b4    00000004     --HOLE-- [fill = 0]
                  000031b8    00000110     TaskNotify.obj (.text:prvNotifiedTask)
                  000032c8    00000110     TimerDemo.obj (.text:prvTest5_CheckBasicOneShotTimerBehaviour)
                  000033d8    0000010c     tasks.obj (.text:xTaskResumeAll)
                  000034e4    00000004     --HOLE-- [fill = 0]
                  000034e8    00000108     GenQTest.obj (.text:prvTakeTwoMutexesReturnInDifferentOrder)
                  000035f0    00000108     sp_flop.obj (.text:vStartMathTasks)
                  000036f8    00000104     pcm.obj (.text:__PCM_setPowerModeAdvanced)
                  000037fc    00000004     --HOLE-- [fill = 0]
                  00003800    00000100     EventGroupsDemo.obj (.text:prvSyncTask)
                  00003900    000000f8     EventGroupsDemo.obj (.text:prvBitCombinationTestMasterFunction)
                  000039f8    000000f8     timers.obj (.text:prvProcessReceivedCommands)
                  00003af0    000000f0     EventGroupsDemo.obj (.text:prvSelectiveBitsTestMasterFunction)
                  00003be0    000000f0     tasks.obj (.text:vTaskSuspend)
                  00003cd0    000000ec     IntQueue.obj (.text:vStartInterruptQueueTasks)
                  00003dbc    00000004     --HOLE-- [fill = 0]
                  00003dc0    000000ec     event_groups.obj (.text:xEventGroupSync)
                  00003eac    00000004     --HOLE-- [fill = 0]
                  00003eb0    000000e8     GenQTest.obj (.text:prvTakeTwoMutexesReturnInSameOrder)
                  00003f98    000000e8     semtest.obj (.text:vStartSemaphoreTasks)
                  00004080    000000e0     IntSemTest.obj (.text:vStartInterruptSemaphoreTasks)
                  00004160    000000e0     tasks.obj (.text:vTaskSwitchContext)
                  00004240    000000dc     tasks.obj (.text:vTaskPrioritySet)
                  0000431c    00000004     --HOLE-- [fill = 0]
                  00004320    000000dc     port.obj (.text:xPortStartScheduler)
                  000043fc    000000da     portasm.obj (.text)
                  000044d6    00000002     --HOLE-- [fill = 0]
                  000044d8    000000d4     pcm.obj (.text:__PCM_setCoreVoltageLevelAdvanced)
                  000045ac    00000004     --HOLE-- [fill = 0]
                  000045b0    000000d4     tasks.obj (.text:vTaskList)
                  00004684    00000004     --HOLE-- [fill = 0]
                  00004688    000000d4     tasks.obj (.text:vTaskNotifyGiveFromISR)
                  0000475c    00000004     --HOLE-- [fill = 0]
                  00004760    000000d0     IntSemTest.obj (.text:vInterruptCountingSemaphoreTask)
                  00004830    000000d0     tasks.obj (.text:vTaskPriorityDisinheritAfterTimeout)
                  00004900    000000ce     queue.obj (.text:xQueueGenericSendFromISR)
                  000049ce    00000002     --HOLE-- [fill = 0]
                  000049d0    000000cc     EventGroupsDemo.obj (.text:prvTestMasterTask)
                  00004a9c    00000004     --HOLE-- [fill = 0]
                  00004aa0    000000cc     Sample-CLI-commands.obj (.text:prvThreeParameterEchoCommand)
                  00004b6c    00000004     --HOLE-- [fill = 0]
                  00004b70    000000cc     sp_flop.obj (.text:vCompetingMathTask4)
                  00004c3c    00000004     --HOLE-- [fill = 0]
                  00004c40    000000c8     tasks.obj (.text:vTaskGetRunTimeStats)
                  00004d08    000000c6     tasks.obj (.text:prvInitialiseNewTask)
                  00004dce    00000002     --HOLE-- [fill = 0]
                  00004dd0    000000c0     semtest.obj (.text:prvSemaphoreTest)
                  00004e90    000000c0     EventGroupsDemo.obj (.text:vStartEventGroupTasks)
                  00004f50    000000c0     tasks.obj (.text:xTaskPriorityDisinherit)
                  00005010    000000be     printf-stdarg.obj (.text:printi)
                  000050ce    00000002     --HOLE-- [fill = 0]
                  000050d0    000000bc     IntQueueTimer.obj (.text:vInitialiseTimerForIntQueueTest)
                  0000518c    00000004     --HOLE-- [fill = 0]
                  00005190    000000b9     Sample-CLI-commands.obj (.text:prvTaskStatsCommand)
                  00005249    00000001     --HOLE-- [fill = 0]
                  0000524a    00000006     rtsv7M4_T_le_v4SPD16_eabi.lib : copy_decompress_rle.obj (.text:decompress:rle24)
                  00005250    000000b8     tasks.obj (.text:uxTaskGetSystemState)
                  00005308    000000b8     sp_flop.obj (.text:vCompetingMathTask3)
                  000053c0    000000b4     tasks.obj (.text:prvAddNewTaskToReadyList)
                  00005474    00000004     --HOLE-- [fill = 0]
                  00005478    000000b4     TimerDemo.obj (.text:prvResetStartConditionsForNextIteration)
                  0000552c    00000004     --HOLE-- [fill = 0]
                  00005530    000000b4     serial.obj (.text:vUART_Handler)
                  000055e4    00000004     --HOLE-- [fill = 0]
                  000055e8    000000b0     recmutex.obj (.text:prvRecursiveMutexControllingTask)
                  00005698    000000b0     tasks.obj (.text:xTaskPriorityInherit)
                  00005748    000000ae     event_groups.obj (.text:xEventGroupSetBits)
                  000057f6    00000002     --HOLE-- [fill = 0]
                  000057f8    000000ac     Sample-CLI-commands.obj (.text:prvParameterEchoCommand)
                  000058a4    00000004     --HOLE-- [fill = 0]
                  000058a8    000000a8     TimerDemo.obj (.text:prvTest3_CheckAutoReloadExpireRates)
                  00005950    000000a5     Sample-CLI-commands.obj (.text:prvRunTimeStatsCommand)
                  000059f5    00000003     --HOLE-- [fill = 0]
                  000059f8    000000a4     IntQueue.obj (.text:prv2ndHigherPriorityNormallyFullTask)
                  00005a9c    00000004     --HOLE-- [fill = 0]
                  00005aa0    000000a4     countsem.obj (.text:prvDecrementSemaphoreCount)
                  00005b44    00000004     --HOLE-- [fill = 0]
                  00005b48    000000a4     GenQTest.obj (.text:vStartGenericQueueTasks)
                  00005bec    00000004     --HOLE-- [fill = 0]
                  00005bf0    0000009e     queue.obj (.text:xQueueReceiveFromISR)
                  00005c8e    0000009c     rtsv7M4_T_le_v4SPD16_eabi.lib : memcpy_t2.obj (.text)
                  00005d2a    00000006     --HOLE-- [fill = 0]
                  00005d30    0000009c     sp_flop.obj (.text:vCompetingMathTask1)
                  00005dcc    00000004     --HOLE-- [fill = 0]
                  00005dd0    0000009c     sp_flop.obj (.text:vCompetingMathTask2)
                  00005e6c    00000004     --HOLE-- [fill = 0]
                  00005e70    0000009c     tasks.obj (.text:xTaskRemoveFromEventList)
                  00005f0c    00000004     --HOLE-- [fill = 0]
                  00005f10    00000098     tasks.obj (.text:vTaskRemoveFromUnorderedEventList)
                  00005fa8    00000094     IntQueue.obj (.text:prvLowerPriorityNormallyEmptyTask)
                  0000603c    00000004     --HOLE-- [fill = 0]
                  00006040    00000094     recmutex.obj (.text:prvRecursiveMutexBlockingTask)
                  000060d4    00000004     --HOLE-- [fill = 0]
                  000060d8    00000094     timers.obj (.text:prvSwitchTimerLists)
                  0000616c    00000004     --HOLE-- [fill = 0]
                  00006170    00000094     tasks.obj (.text:xTaskCheckForTimeOut)
                  00006204    00000004     --HOLE-- [fill = 0]
                  00006208    00000090     queue.obj (.text:xQueueGenericReset)
                  00006298    00000090     tasks.obj (.text:xTaskNotifyWait)
                  00006328    0000008e     printf-stdarg.obj (.text:prints)
                  000063b6    00000002     --HOLE-- [fill = 0]
                  000063b8    0000008c     TaskNotify.obj (.text:prvSuspendedTaskTimerTestCallback)
                  00006444    00000004     --HOLE-- [fill = 0]
                  00006448    0000008c     tasks.obj (.text:vTaskResume)
                  000064d4    00000004     --HOLE-- [fill = 0]
                  000064d8    00000088     tasks.obj (.text:eTaskGetState)
                  00006560    00000088     tasks.obj (.text:prvAddCurrentTaskToDelayedList)
                  000065e8    00000088     heap_4.obj (.text:vPortFree)
                  00006670    00000088     tasks.obj (.text:vTaskStartScheduler)
                  000066f8    00000088     serial.obj (.text:xSerialPortInitMinimal)
                  00006780    00000086     rtsv7M4_T_le_v4SPD16_eabi.lib : fd_cmp_t2.obj (.text:__aeabi_cdrcmple)
                  00006806    00000002     --HOLE-- [fill = 0]
                  00006808    00000084     IntQueue.obj (.text:prvLowerPriorityNormallyFullTask)
                  0000688c    00000004     --HOLE-- [fill = 0]
                  00006890    00000084     TimerDemo.obj (.text:prvTest2_CheckTaskAndTimersInitialState)
                  00006914    00000004     --HOLE-- [fill = 0]
                  00006918    0000007c     tasks.obj (.text:prvIdleTask)
                  00006994    00000004     --HOLE-- [fill = 0]
                  00006998    0000007c     countsem.obj (.text:prvIncrementSemaphoreCount)
                  00006a14    00000004     --HOLE-- [fill = 0]
                  00006a18    0000007c     countsem.obj (.text:vStartCountingSemaphoreTasks)
                  00006a94    0000007a     rtsv7M4_T_le_v4SPD16_eabi.lib : memset_t2.obj (.text)
                  00006b0e    00000002     --HOLE-- [fill = 0]
                  00006b10    00000078     heap_4.obj (.text:prvHeapInit)
                  00006b88    00000078     TimerDemo.obj (.text:prvTimerTestTask)
                  00006c00    00000078     recmutex.obj (.text:vStartRecursiveMutexTasks)
                  00006c78    00000074     tasks.obj (.text:vTaskGetInfo)
                  00006cec    00000004     --HOLE-- [fill = 0]
                  00006cf0    00000074     timers.obj (.text:xTimerGenericCommand)
                  00006d64    00000004     --HOLE-- [fill = 0]
                  00006d68    00000070     queue.obj (.text:prvCopyDataToQueue)
                  00006dd8    00000070     tasks.obj (.text:prvInitialiseTaskLists)
                  00006e48    00000070     timers.obj (.text:prvProcessTimerOrBlockTask)
                  00006eb8    00000070     rtsv7M4_T_le_v4SPD16_eabi.lib : autoinit.obj (.text)
                  00006f28    00000070     port.obj (.text:vPortSetupTimerInterrupt)
                  00006f98    0000006c     queue.obj (.text:prvUnlockQueue)
                  00007004    00000004     --HOLE-- [fill = 0]
                  00007008    0000006c     serial.obj (.text:vSerialPutString)
                  00007074    00000004     --HOLE-- [fill = 0]
                  00007078    0000006a     tasks.obj (.text:prvListTasksWithinSingleList)
                  000070e2    0000006a     rtsv7M4_T_le_v4SPD16_eabi.lib : copy_decompress_rle.obj (.text)
                  0000714c    00000004     --HOLE-- [fill = 0]
                  00007150    00000068     system_msp432p401r.obj (.text:SystemInit)
                  000071b8    00000068     heap_4.obj (.text:prvInsertBlockIntoFreeList)
                  00007220    00000068     tasks.obj (.text:ulTaskNotifyTake)
                  00007288    00000068     tasks.obj (.text:xTaskCreate)
                  000072f0    00000064     port.obj (.text:vPortValidateInterruptPriority)
                  00007354    00000004     --HOLE-- [fill = 0]
                  00007358    00000064     serial.obj (.text:xSerialPutChar)
                  000073bc    00000004     --HOLE-- [fill = 0]
                  000073c0    00000060     FreeRTOS_CLI.obj (.text:FreeRTOS_CLIGetParameter)
                  00007420    00000060     FreeRTOS_CLI.obj (.text:FreeRTOS_CLIRegisterCommand)
                  00007480    00000060     timers.obj (.text:prvProcessExpiredTimer)
                  000074e0    0000005c     tasks.obj (.text:vTaskPlaceOnUnorderedEventList)
                  0000753c    00000004     --HOLE-- [fill = 0]
                  00007540    00000058     tasks.obj (.text:prvCheckTasksWaitingTermination)
                  00007598    00000058     TimerDemo.obj (.text:vStartTimerDemoTask)
                  000075f0    00000058     timers.obj (.text:xTimerCreateTimerTask)
                  00007648    00000054     gpio.obj (.text:GPIO_setAsPeripheralModuleFunctionInputPin)
                  0000769c    00000004     --HOLE-- [fill = 0]
                  000076a0    00000054     cs.obj (.text:_CSGetDOCFrequency)
                  000076f4    00000004     --HOLE-- [fill = 0]
                  000076f8    00000054     timers.obj (.text:prvInsertTimerInActiveList)
                  0000774c    00000004     --HOLE-- [fill = 0]
                  00007750    00000054     GenQTest.obj (.text:prvLowPriorityMutexTask)
                  000077a4    00000054     rtsv7M4_T_le_v4SPD16_eabi.lib : boot.obj (.text)
                  000077f8    00000054                                   : exit.obj (.text)
                  0000784c    00000004     --HOLE-- [fill = 0]
                  00007850    00000054     tasks.obj (.text:vTaskDelay)
                  000078a4    00000004     --HOLE-- [fill = 0]
                  000078a8    00000054     event_groups.obj (.text:xEventGroupClearBits)
                  000078fc    00000004     --HOLE-- [fill = 0]
                  00007900    00000052     cs.obj (.text:_CSGetDividerValue)
                  00007952    00000006     --HOLE-- [fill = 0]
                  00007958    00000050     pcm.obj (.text:PCM_getCoreVoltageLevel)
                  000079a8    00000050     tasks.obj (.text:prvGetExpectedIdleTime)
                  000079f8    00000050     GenQTest.obj (.text:prvHighPriorityMutexTask)
                  00007a48    0000004c     sysctl.obj (.text:SysCtl_getTLVInfo)
                  00007a94    00000004     --HOLE-- [fill = 0]
                  00007a98    0000004c     main_full.obj (.text:main_full)
                  00007ae4    00000004     --HOLE-- [fill = 0]
                  00007ae8    0000004c     timers.obj (.text:prvCheckForValidListAndQueue)
                  00007b34    00000004     --HOLE-- [fill = 0]
                  00007b38    0000004c     TimerDemo.obj (.text:prvOneShotTimerCallback)
                  00007b84    0000004c     rtsv7M4_T_le_v4SPD16_eabi.lib : cpy_tbl.obj (.text)
                  00007bd0    0000004c     event_groups.obj (.text:vEventGroupDelete)
                  00007c1c    00000004     --HOLE-- [fill = 0]
                  00007c20    0000004c     queue.obj (.text:xQueueGenericCreate)
                  00007c6c    00000004     --HOLE-- [fill = 0]
                  00007c70    0000004c     queue.obj (.text:xQueueTakeMutexRecursive)
                  00007cbc    00000004     --HOLE-- [fill = 0]
                  00007cc0    0000004a     main_full.obj (.text:prvConfigureClocks)
                  00007d0a    00000006     --HOLE-- [fill = 0]
                  00007d10    00000048     queue.obj (.text:vQueueWaitForMessageRestricted)
                  00007d58    00000048     UARTCommandConsole.obj (.text:vUARTCommandConsoleStart)
                  00007da0    00000046     timers.obj (.text:prvInitialiseNewTimer)
                  00007de6    00000002     --HOLE-- [fill = 0]
                  00007de8    00000044     TimerDemo.obj (.text:prvAutoReloadTimerCallback)
                  00007e2c    00000004     --HOLE-- [fill = 0]
                  00007e30    00000044     countsem.obj (.text:prvCountingSemaphoreTask)
                  00007e74    00000004     --HOLE-- [fill = 0]
                  00007e78    00000044     EventGroupsDemo.obj (.text:prvSelectiveBitsTestSlaveFunction)
                  00007ebc    00000004     --HOLE-- [fill = 0]
                  00007ec0    00000044     port.obj (.text:vPortEnterCritical)
                  00007f04    00000004     --HOLE-- [fill = 0]
                  00007f08    00000044     queue.obj (.text:xQueueCreateCountingSemaphore)
                  00007f4c    00000004     --HOLE-- [fill = 0]
                  00007f50    00000044     queue.obj (.text:xQueueGiveMutexRecursive)
                  00007f94    00000004     --HOLE-- [fill = 0]
                  00007f98    00000040     main.obj (.text:main)
                  00007fd8    00000040     rtsv7M4_T_le_v4SPD16_eabi.lib : u_divt2.obj (.text)
                  00008018    00000040     RunTimeStatsTimer.obj (.text:ulGetRunTimeCounterValue)
                  00008058    00000040     tasks.obj (.text:vTaskPlaceOnEventListRestricted)
                  00008098    0000003c     tasks.obj (.text:eTaskConfirmSleepModeStatus)
                  000080d4    00000004     --HOLE-- [fill = 0]
                  000080d8    0000003c     tasks.obj (.text:prvTaskIsTaskSuspended)
                  00008114    00000004     --HOLE-- [fill = 0]
                  00008118    0000003c     IntSemTest.obj (.text:vInterruptMutexSlaveTask)
                  00008154    00000004     --HOLE-- [fill = 0]
                  00008158    0000003a     pcm.obj (.text:PCM_getPowerMode)
                  00008192    00000006     --HOLE-- [fill = 0]
                  00008198    00000038     port.obj (.text:prvTaskExitError)
                  000081d0    00000038     rtsv7M4_T_le_v4SPD16_eabi.lib : fs_tod_t2.obj (.text)
                  00008208    00000038     TaskNotify.obj (.text:vStartTaskNotifyTask)
                  00008240    00000038     IntQueueTimer.obj (.text:vT32_0_Handler)
                  00008278    00000038     IntQueueTimer.obj (.text:vT32_1_Handler)
                  000082b0    00000038     tasks.obj (.text:vTaskPlaceOnEventList)
                  000082e8    00000034     FreeRTOS_CLI.obj (.text:prvHelpCommand)
                  0000831c    00000004     --HOLE-- [fill = 0]
                  00008320    00000034     list.obj (.text:vListInsert)
                  00008354    00000004     --HOLE-- [fill = 0]
                  00008358    00000034     tasks.obj (.text:vTaskStepTick)
                  0000838c    00000004     --HOLE-- [fill = 0]
                  00008390    00000034     tasks.obj (.text:xTaskNotifyStateClear)
                  000083c4    00000004     --HOLE-- [fill = 0]
                  000083c8    00000034     timers.obj (.text:xTimerIsTimerActive)
                  000083fc    00000004     --HOLE-- [fill = 0]
                  00008400    00000030     flash.obj (.text:FlashCtl_setWaitState)
                  00008430    00000030     tasks.obj (.text:prvResetNextTaskUnblockTime)
                  00008460    00000030     main.obj (.text:prvSetupHardware)
                  00008490    00000030     rtsv7M4_T_le_v4SPD16_eabi.lib : strncpy.obj (.text)
                  000084c0    00000030     IntSemTest.obj (.text:vInterruptMutexMasterTask)
                  000084f0    00000030     port.obj (.text:vPortExitCritical)
                  00008520    0000002e     FreeRTOS_CLI.obj (.text:prvGetNumberOfParameters)
                  0000854e    00000002     --HOLE-- [fill = 0]
                  00008550    0000002e     timers.obj (.text:xTimerCreate)
                  0000857e    00000002     --HOLE-- [fill = 0]
                  00008580    0000002c     cs.obj (.text:CS_setDCOCenteredFrequency)
                  000085ac    00000004     --HOLE-- [fill = 0]
                  000085b0    0000002c     TaskNotify.obj (.text:prvNotifyingTimer)
                  000085dc    00000004     --HOLE-- [fill = 0]
                  000085e0    0000002c     timers.obj (.text:prvSampleTimeNow)
                  0000860c    00000004     --HOLE-- [fill = 0]
                  00008610    0000002c     timers.obj (.text:pvTimerGetTimerID)
                  0000863c    00000004     --HOLE-- [fill = 0]
                  00008640    0000002c     port.obj (.text:pxPortInitialiseStack)
                  0000866c    00000004     --HOLE-- [fill = 0]
                  00008670    0000002c     queue.obj (.text:uxQueueMessagesWaiting)
                  0000869c    00000004     --HOLE-- [fill = 0]
                  000086a0    0000002c     queue.obj (.text:uxQueueSpacesAvailable)
                  000086cc    00000004     --HOLE-- [fill = 0]
                  000086d0    0000002c     Sample-CLI-commands.obj (.text:vRegisterSampleCLICommands)
                  000086fc    00000004     --HOLE-- [fill = 0]
                  00008700    0000002c     timers.obj (.text:vTimerSetTimerID)
                  0000872c    00000004     --HOLE-- [fill = 0]
                  00008730    0000002c     port.obj (.text:xPortSysTickHandler)
                  0000875c    00000004     --HOLE-- [fill = 0]
                  00008760    0000002c     queue.obj (.text:xQueueIsQueueFullFromISR)
                  0000878c    00000004     --HOLE-- [fill = 0]
                  00008790    00000028     cs.obj (.text:CS_clearInterruptFlag)
                  000087b8    00000028     queue.obj (.text:prvCopyDataFromQueue)
                  000087e0    00000028     tasks.obj (.text:prvWriteNameToBuffer)
                  00008808    00000028     rtsv7M4_T_le_v4SPD16_eabi.lib : strncat.obj (.text)
                  00008830    00000028     printf-stdarg.obj (.text:sprintf)
                  00008858    00000026     rtsv7M4_T_le_v4SPD16_eabi.lib : strncmp.obj (.text)
                  0000887e    00000002     --HOLE-- [fill = 0]
                  00008880    00000026     list.obj (.text:uxListRemove)
                  000088a6    00000002     --HOLE-- [fill = 0]
                  000088a8    00000024     printf-stdarg.obj (.text:printchar)
                  000088cc    00000004     --HOLE-- [fill = 0]
                  000088d0    00000024     timers.obj (.text:prvGetNextExpireTime)
                  000088f4    00000004     --HOLE-- [fill = 0]
                  000088f8    00000024     RunTimeStatsTimer.obj (.text:vConfigureTimerForRunTimeStats)
                  0000891c    00000004     --HOLE-- [fill = 0]
                  00008920    00000020     gpio.obj (.text:GPIO_setAsOutputPin)
                  00008940    00000020     TaskNotify.obj (.text:prvRand)
                  00008960    00000020     IntQueue.obj (.text:prvRecordValue_NormallyEmpty)
                  00008980    00000020     IntQueue.obj (.text:prvRecordValue_NormallyFull)
                  000089a0    00000020     tasks.obj (.text:xTaskGetSchedulerState)
                  000089c0    0000001e     queue.obj (.text:prvInitialiseNewQueue)
                  000089de    00000002     --HOLE-- [fill = 0]
                  000089e0    0000001e     queue.obj (.text:prvIsQueueFull)
                  000089fe    00000002     --HOLE-- [fill = 0]
                  00008a00    0000001e     list.obj (.text:vListInitialise)
                  00008a1e    00000002     --HOLE-- [fill = 0]
                  00008a20    0000001c     timers.obj (.text:pcTimerGetName)
                  00008a3c    00000004     --HOLE-- [fill = 0]
                  00008a40    0000001c     GenQTest.obj (.text:prvMediumPriorityMutexTask)
                  00008a5c    00000004     --HOLE-- [fill = 0]
                  00008a60    0000001c     event_groups.obj (.text:prvTestWaitCondition)
                  00008a7c    00000004     --HOLE-- [fill = 0]
                  00008a80    0000001c     tasks.obj (.text:uxTaskPriorityGet)
                  00008a9c    00000004     --HOLE-- [fill = 0]
                  00008aa0    0000001a     queue.obj (.text:prvGetDisinheritPriorityAfterTimeout)
                  00008aba    00000006     --HOLE-- [fill = 0]
                  00008ac0    0000001a     queue.obj (.text:prvIsQueueEmpty)
                  00008ada    00000006     --HOLE-- [fill = 0]
                  00008ae0    0000001a     timers.obj (.text:prvTimerTask)
                  00008afa    00000006     --HOLE-- [fill = 0]
                  00008b00    0000001a     fsm.obj (.text:vFsmTask)
                  00008b1a    00000006     --HOLE-- [fill = 0]
                  00008b20    0000001a     event_groups.obj (.text:xEventGroupCreate)
                  00008b3a    00000006     --HOLE-- [fill = 0]
                  00008b40    0000001a     queue.obj (.text:xQueueCreateMutex)
                  00008b5a    00000006     --HOLE-- [fill = 0]
                  00008b60    00000018     cs.obj (.text:CS_getMCLK)
                  00008b78    00000018     tasks.obj (.text:prvTaskCheckFreeStackSpace)
                  00008b90    00000018     tasks.obj (.text:pvTaskIncrementMutexHeldCount)
                  00008ba8    00000018     msp432_startup_ccs.obj (.text:resetISR)
                  00008bc0    00000018     rtsv7M4_T_le_v4SPD16_eabi.lib : args_main.obj (.text)
                  00008bd8    00000018                                   : strcmp.obj (.text)
                  00008bf0    00000018     tasks.obj (.text:uxTaskResetEventItemValue)
                  00008c08    00000018     list.obj (.text:vListInsertEnd)
                  00008c20    00000018     tasks.obj (.text:vTaskInternalSetTimeOutState)
                  00008c38    00000014     gpio.obj (.text:GPIO_setOutputLowOnPin)
                  00008c4c    00000004     --HOLE-- [fill = 0]
                  00008c50    00000014     gpio.obj (.text:GPIO_toggleOutputOnPin)
                  00008c64    00000004     --HOLE-- [fill = 0]
                  00008c68    00000014     queue.obj (.text:prvInitialiseMutex)
                  00008c7c    00000004     --HOLE-- [fill = 0]
                  00008c80    00000014     IntQueue.obj (.text:prvQueueAccessLogError)
                  00008c94    00000014     rtsv7M4_T_le_v4SPD16_eabi.lib : _lock.obj (.text)
                  00008ca8    00000014                                   : strcpy.obj (.text)
                  00008cbc    00000014                                   : strlen.obj (.text)
                  00008cd0    00000012     tasks.obj (.text:prvDeleteTCB)
                  00008ce2    00000006     --HOLE-- [fill = 0]
                  00008ce8    00000012     main.obj (.text:vApplicationMallocFailedHook)
                  00008cfa    00000006     --HOLE-- [fill = 0]
                  00008d00    00000012     main.obj (.text:vApplicationStackOverflowHook)
                  00008d12    00000006     --HOLE-- [fill = 0]
                  00008d18    00000010     fpu.obj (.text:FPU_enableModule)
                  00008d28    00000010     TimerDemo.obj (.text:prvISRAutoReloadTimerCallback)
                  00008d38    00000010     TimerDemo.obj (.text:prvISROneShotTimerCallback)
                  00008d48    00000010     tasks.obj (.text:vTaskSuspendAll)
                  00008d58    0000000e     rtsv7M4_T_le_v4SPD16_eabi.lib : copy_decompress_none.obj (.text:decompress:none)
                  00008d66    00000002     --HOLE-- [fill = 0]
                  00008d68    0000000c     pcm.obj (.text:PCM_getPowerState)
                  00008d74    00000004     --HOLE-- [fill = 0]
                  00008d78    0000000c     tasks.obj (.text:vTaskMissedYield)
                  00008d84    00000004     --HOLE-- [fill = 0]
                  00008d88    0000000c     serial.obj (.text:xSerialGetChar)
                  00008d94    00000004     --HOLE-- [fill = 0]
                  00008d98    0000000c     tasks.obj (.text:xTaskGetCurrentTaskHandle)
                  00008da4    00000004     --HOLE-- [fill = 0]
                  00008da8    0000000c     tasks.obj (.text:xTaskGetTickCount)
                  00008db4    00000004     --HOLE-- [fill = 0]
                  00008db8    00000008     FreeRTOS_CLI.obj (.text:FreeRTOS_CLIGetOutputBuffer)
                  00008dc0    00000008     pcm.obj (.text:PCM_setCoreVoltageLevel)
                  00008dc8    00000008     pcm.obj (.text:PCM_setPowerMode)
                  00008dd0    00000006     list.obj (.text:vListInitialiseItem)
                  00008dd6    00000002     --HOLE-- [fill = 0]
                  00008dd8    00000002     msp432_startup_ccs.obj (.text:defaultISR)
                  00008dda    00000006     --HOLE-- [fill = 0]
                  00008de0    00000002     msp432_startup_ccs.obj (.text:faultISR)
                  00008de2    00000006     --HOLE-- [fill = 0]
                  00008de8    00000002     msp432_startup_ccs.obj (.text:nmiISR)
                  00008dea    00000006     --HOLE-- [fill = 0]
                  00008df0    00000002     main.obj (.text:vApplicationIdleHook)
                  00008df2    00000006     --HOLE-- [fill = 0]
                  00008df8    00000002     main_blinky.obj (.text:vPreSleepProcessing)

.const     0    00008dfc    0000030c     
                  00008dfc    000001a8     Sample-CLI-commands.obj (.const:.string)
                  00008fa4    00000090     UARTCommandConsole.obj (.const:.string)
                  00009034    00000038     FreeRTOS_CLI.obj (.const:.string)
                  0000906c    00000024     serial.obj (.const:xUARTConfig)
                  00009090    00000010     FreeRTOS_CLI.obj (.const:xHelpCommand)
                  000090a0    00000010     Sample-CLI-commands.obj (.const:xParameterEcho)
                  000090b0    00000010     Sample-CLI-commands.obj (.const:xRunTimeStats)
                  000090c0    00000010     Sample-CLI-commands.obj (.const:xTaskStats)
                  000090d0    00000010     Sample-CLI-commands.obj (.const:xThreeParameterEcho)
                  000090e0    0000000c     UARTCommandConsole.obj (.const)
                  000090ec    00000008     RunTimeStatsTimer.obj (.const)
                  000090f4    00000008     port.obj (.const)
                  000090fc    00000004     IntSemTest.obj (.const)
                  00009100    00000004     heap_4.obj (.const)
                  00009104    00000004     serial.obj (.const)

.cinit     0    00009108    000000ac     
                  00009108    00000082     (.cinit..data.load) [load image, compression = rle]
                  0000918a    00000006     --HOLE-- [fill = 0]
                  00009190    0000000b     (.cinit..bss.load) [load image, compression = rle]
                  0000919b    00000001     --HOLE-- [fill = 0]
                  0000919c    00000008     (__TI_handler_table)
                  000091a4    00000010     (__TI_cinit_table)

.bss       0    20000000    0000d1c4     UNINITIALIZED
                  20000000    0000c800     heap_4.obj (.bss:ucHeap)
                  2000c800    00000800     FreeRTOS_CLI.obj (.bss:cOutputBuffer)
                  2000d000    00000064     tasks.obj (.bss:pxReadyTasksLists)
                  2000d064    00000034     UARTCommandConsole.obj (.bss:cInputString$1)
                  2000d098    00000034     UARTCommandConsole.obj (.bss:cLastInputString$2)
                  2000d0cc    00000018     countsem.obj (.bss:xParameters)
                  2000d0e4    00000014     timers.obj (.bss:xActiveTimerList1)
                  2000d0f8    00000014     timers.obj (.bss:xActiveTimerList2)
                  2000d10c    00000014     tasks.obj (.bss:xDelayedTaskList1)
                  2000d120    00000014     tasks.obj (.bss:xDelayedTaskList2)
                  2000d134    00000014     tasks.obj (.bss:xPendingReadyList)
                  2000d148    00000014     tasks.obj (.bss:xSuspendedTaskList)
                  2000d15c    00000014     tasks.obj (.bss:xTasksWaitingTermination)
                  2000d170    0000000c     recmutex.obj (.bss)
                  2000d17c    00000008     GenQTest.obj (.bss)
                  2000d184    00000008     IntQueue.obj (.bss)
                  2000d18c    00000008     cs.obj (.bss)
                  2000d194    00000008     tasks.obj (.bss)
                  2000d19c    00000008     timers.obj (.bss)
                  2000d1a4    00000008     heap_4.obj (.bss:xStart)
                  2000d1ac    00000004     IntSemTest.obj (.bss)
                  2000d1b0    00000004     (.common:FsmTaskHandle)
                  2000d1b4    00000004     (.common:xHighPriorityNormallyEmptyTask1)
                  2000d1b8    00000004     (.common:xHighPriorityNormallyEmptyTask2)
                  2000d1bc    00000004     (.common:xHighPriorityNormallyFullTask1)
                  2000d1c0    00000004     (.common:xHighPriorityNormallyFullTask2)

.data      0    2000d1c4    00000400     UNINITIALIZED
                  2000d1c4    000000c8     IntQueue.obj (.data:ucNormallyEmptyReceivedValues)
                  2000d28c    000000c8     IntQueue.obj (.data:ucNormallyFullReceivedValues)
                  2000d354    0000003c     IntQueue.obj (.data)
                  2000d390    0000003c     tasks.obj (.data)
                  2000d3cc    00000034     TimerDemo.obj (.data)
                  2000d400    00000030     EventGroupsDemo.obj (.data)
                  2000d430    00000030     gpio.obj (.data:GPIO_PORT_TO_BASE)
                  2000d460    0000002c     IntSemTest.obj (.data)
                  2000d48c    0000002c     TaskNotify.obj (.data)
                  2000d4b8    00000024     recmutex.obj (.data)
                  2000d4dc    0000001c     GenQTest.obj (.data)
                  2000d4f8    00000018     port.obj (.data)
                  2000d510    00000018     TimerDemo.obj (.data:xAutoReloadTimers)
                  2000d528    00000010     heap_4.obj (.data)
                  2000d538    00000010     serial.obj (.data)
                  2000d548    00000010     sp_flop.obj (.data:usTaskCheck)
                  2000d558    0000000c     rtsv7M4_T_le_v4SPD16_eabi.lib : exit.obj (.data:$O1$$)
                  2000d564    0000000c     FreeRTOS_CLI.obj (.data)
                  2000d570    0000000c     countsem.obj (.data)
                  2000d57c    0000000c     timers.obj (.data)
                  2000d588    00000008     rtsv7M4_T_le_v4SPD16_eabi.lib : _lock.obj (.data:$O1$$)
                  2000d590    00000008     RunTimeStatsTimer.obj (.data)
                  2000d598    00000008     Sample-CLI-commands.obj (.data)
                  2000d5a0    00000008     UARTCommandConsole.obj (.data)
                  2000d5a8    00000008     semtest.obj (.data:sCheckVariables)
                  2000d5b0    00000008     FreeRTOS_CLI.obj (.data:xRegisteredCommands)
                  2000d5b8    00000006     TimerDemo.obj (.data:ucAutoReloadTimerCounters)
                  2000d5be    00000002     semtest.obj (.data)
                  2000d5c0    00000004     rtsv7M4_T_le_v4SPD16_eabi.lib : stkdepth_vars.obj (.data)

.stack     0    2000fce0    00000320     UNINITIALIZED
                  2000fce0    00000320     --HOLE--

MODULE SUMMARY

       Module                     code    ro data   rw data
       ------                     ----    -------   -------
    .\
       main.obj                   150     0         4      
    +--+--------------------------+-------+---------+---------+
       Total:                     150     0         4      
                                                           
    .\FreeRTOS_Source\
       tasks.obj                  6118    0         268    
       queue.obj                  2978    0         0      
       timers.obj                 1358    0         60     
       event_groups.obj           924     0         0      
       list.obj                   150     0         0      
    +--+--------------------------+-------+---------+---------+
       Total:                     11528   0         328    
                                                           
    .\FreeRTOS_Source\portable\CCS\ARM_CM4F\
       port.obj                   1000    8         24     
       portasm.obj                218     0         0      
    +--+--------------------------+-------+---------+---------+
       Total:                     1218    8         24     
                                                           
    .\FreeRTOS_Source\portable\MemMang\
       heap_4.obj                 672     4         51224  
    +--+--------------------------+-------+---------+---------+
       Total:                     672     4         51224  
                                                           
    .\Full_Demo\
       Sample-CLI-commands.obj    770     488       8      
       UARTCommandConsole.obj     404     156       112    
       serial.obj                 536     40        16     
       IntQueueTimer.obj          300     0         0      
       main_full.obj              150     0         0      
       RunTimeStatsTimer.obj      100     8         8      
    +--+--------------------------+-------+---------+---------+
       Total:                     2260    692       144    
                                                           
    .\Full_Demo\FreeRTOS_CLI\
       FreeRTOS_CLI.obj           670     72        2068   
    +--+--------------------------+-------+---------+---------+
       Total:                     670     72        2068   
                                                           
    .\Full_Demo\Minimal\
       TimerDemo.obj              2652    0         82     
       IntQueue.obj               2132    0         484    
       TaskNotify.obj             2494    0         44     
       EventGroupsDemo.obj        1928    0         48     
       GenQTest.obj               1536    0         36     
       IntSemTest.obj             1188    4         48     
       sp_flop.obj                964     0         16     
       recmutex.obj               788     0         48     
       countsem.obj               480     0         36     
       semtest.obj                424     0         10     
    +--+--------------------------+-------+---------+---------+
       Total:                     14586   4         852    
                                                           
    .\Functions\
       fsm.obj                    26      0         0      
    +--+--------------------------+-------+---------+---------+
       Total:                     26      0         0      
                                                           
    .\SimplyBlinkyDemo\
       main_blinky.obj            2       0         0      
    +--+--------------------------+-------+---------+---------+
       Total:                     2       0         0      
                                                           
    .\driverlib\
       cs.obj                     1158    0         8      
       pcm.obj                    638     0         0      
       gpio.obj                   156     0         48     
       sysctl.obj                 76      0         0      
       flash.obj                  48      0         0      
       fpu.obj                    16      0         0      
    +--+--------------------------+-------+---------+---------+
       Total:                     2092    0         56     
                                                           
    .\system\CCS\
       printf-stdarg.obj          860     0         0      
       msp432_startup_ccs.obj     30      324       0      
       system_msp432p401r.obj     104     0         0      
    +--+--------------------------+-------+---------+---------+
       Total:                     994     324       0      
                                                           
    C:\ti\ccsv6\tools\compiler\arm_15.12.3.LTS\lib\rtsv7M4_T_le_v4SPD16_eabi.lib
       memcpy_t2.obj              156     0         0      
       fd_cmp_t2.obj              134     0         0      
       memset_t2.obj              122     0         0      
       autoinit.obj               112     0         0      
       copy_decompress_rle.obj    112     0         0      
       exit.obj                   84      0         12     
       boot.obj                   84      0         0      
       cpy_tbl.obj                76      0         0      
       u_divt2.obj                64      0         0      
       fs_tod_t2.obj              56      0         0      
       strncpy.obj                48      0         0      
       strncat.obj                40      0         0      
       strncmp.obj                38      0         0      
       _lock.obj                  20      0         8      
       args_main.obj              24      0         0      
       strcmp.obj                 24      0         0      
       strcpy.obj                 20      0         0      
       strlen.obj                 20      0         0      
       copy_decompress_none.obj   14      0         0      
       pre_init.obj               4       0         0      
       stkdepth_vars.obj          0       0         4      
       i_div0.obj                 2       0         0      
       mpu_init.obj               2       0         0      
       startup.obj                2       0         0      
    +--+--------------------------+-------+---------+---------+
       Total:                     1258    0         24     
                                                           
       Stack:                     0       0         800    
       Linker Generated:          0       165       0      
    +--+--------------------------+-------+---------+---------+
       Grand Total:               35456   1269      55524  


LINKER GENERATED COPY TABLES

__TI_cinit_table @ 000091a4 records: 2, size/record: 8, table size: 16
	.data: load addr=00009108, load size=00000082 bytes, run addr=2000d1c4, run size=00000400 bytes, compression=rle
	.bss: load addr=00009190, load size=0000000b bytes, run addr=20000000, run size=0000d1c4 bytes, compression=rle


LINKER GENERATED HANDLER TABLE

__TI_handler_table @ 0000919c records: 2, size/record: 4, table size: 8
	index: 0, handler: __TI_decompress_rle24
	index: 1, handler: __TI_decompress_none


GLOBAL SYMBOLS: SORTED ALPHABETICALLY BY Name 

address   name                                      
-------   ----                                      
000077f9  C$$EXIT                                   
00008791  CS_clearInterruptFlag                     
00002129  CS_getDCOFrequency                        
00008b61  CS_getMCLK                                
00002e71  CS_initClockSignal                        
00008581  CS_setDCOCenteredFrequency                
00008d19  FPU_enableModule                          
00008401  FlashCtl_setWaitState                     
00008db9  FreeRTOS_CLIGetOutputBuffer               
000073c1  FreeRTOS_CLIGetParameter                  
000018d9  FreeRTOS_CLIProcessCommand                
00007421  FreeRTOS_CLIRegisterCommand               
2000d1b0  FsmTaskHandle                             
00008921  GPIO_setAsOutputPin                       
00007649  GPIO_setAsPeripheralModuleFunctionInputPin
00008c39  GPIO_setOutputLowOnPin                    
00008c51  GPIO_toggleOutputOnPin                    
00007959  PCM_getCoreVoltageLevel                   
00008159  PCM_getPowerMode                          
00008d69  PCM_getPowerState                         
00008dc1  PCM_setCoreVoltageLevel                   
00008dc9  PCM_setPowerMode                          
UNDEFED   SHT$$INIT_ARRAY$$Base                     
UNDEFED   SHT$$INIT_ARRAY$$Limit                    
00007a49  SysCtl_getTLVInfo                         
00007151  SystemInit                                
4000480c  WDTCTL_SYM                                
20010000  __STACK_END                               
00000320  __STACK_SIZE                              
000091a4  __TI_CINIT_Base                           
000091b4  __TI_CINIT_Limit                          
0000919c  __TI_Handler_Table_Base                   
000091a4  __TI_Handler_Table_Limit                  
00006eb9  __TI_auto_init                            
2000d558  __TI_cleanup_ptr                          
00008d59  __TI_decompress_none                      
0000524b  __TI_decompress_rle24                     
2000d55c  __TI_dtors_ptr                            
2000d560  __TI_enable_exit_profile_output           
ffffffff  __TI_pprof_out_hndl                       
ffffffff  __TI_prof_data_size                       
ffffffff  __TI_prof_data_start                      
00000000  __TI_static_base__                        
00006781  __aeabi_cdrcmple                          
000081d1  __aeabi_f2d                               
000008e7  __aeabi_idiv0                             
00006a95  __aeabi_memclr                            
00006a95  __aeabi_memclr4                           
00006a95  __aeabi_memclr8                           
00005c8f  __aeabi_memcpy                            
00005c8f  __aeabi_memcpy4                           
00005c8f  __aeabi_memcpy8                           
00006a97  __aeabi_memset                            
00006a97  __aeabi_memset4                           
00006a97  __aeabi_memset8                           
00007fd9  __aeabi_uidiv                             
00007fd9  __aeabi_uidivmod                          
ffffffff  __binit__                                 
ffffffff  __c_args__                                
00000e5d  __mpu_init                                
2000fce0  __stack                                   
00008bc1  _args_main                                
000077a5  _c_int00                                  
2000d588  _lock                                     
00008ca3  _nop                                      
00008c9b  _register_lock                            
00008c95  _register_unlock                          
00000e5f  _system_post_cinit                        
00000bad  _system_pre_init                          
2000d58c  _unlock                                   
000077fd  abort                                     
ffffffff  binit                                     
00007b85  copy_in                                   
00008099  eTaskConfirmSleepModeStatus               
000064d9  eTaskGetState                             
00007805  exit                                      
00000000  interruptVectors                          
00007f99  main                                      
00007a99  main_full                                 
2000d5c0  main_func_sp                              
00005c8f  memcpy                                    
00006a9d  memset                                    
00008a21  pcTimerGetName                            
000024e9  pvPortMalloc                              
00008b91  pvTaskIncrementMutexHeldCount             
00008611  pvTimerGetTimerID                         
2000d390  pxCurrentTCB                              
00008641  pxPortInitialiseStack                     
00008831  sprintf                                   
00008bd9  strcmp                                    
00008ca9  strcpy                                    
00008cbd  strlen                                    
00008809  strncat                                   
00008859  strncmp                                   
00008491  strncpy                                   
00008019  ulGetRunTimeCounterValue                  
000090f4  ulMaxSyscallInterruptPriority             
0000440d  ulPortGetIPSR                             
00007221  ulTaskNotifyTake                          
00008881  uxListRemove                              
00008671  uxQueueMessagesWaiting                    
000086a1  uxQueueSpacesAvailable                    
00005251  uxTaskGetSystemState                      
00008a81  uxTaskPriorityGet                         
00008bf1  uxTaskResetEventItemValue                 
00008df1  vApplicationIdleHook                      
00008ce9  vApplicationMallocFailedHook              
00008d01  vApplicationStackOverflowHook             
000088f9  vConfigureTimerForRunTimeStats            
00007bd1  vEventGroupDelete                         
00008b01  vFsmTask                                  
000050d1  vInitialiseTimerForIntQueueTest           
00008a01  vListInitialise                           
00008dd1  vListInitialiseItem                       
00008321  vListInsert                               
00008c09  vListInsertEnd                            
000044c9  vPortEnableVFP                            
00007ec1  vPortEnterCritical                        
000084f1  vPortExitCritical                         
000065e9  vPortFree                                 
00004485  vPortSVCHandler                           
00006f29  vPortSetupTimerInterrupt                  
000044a5  vPortStartFirstTask                       
00002621  vPortSuppressTicksAndSleep                
000072f1  vPortValidateInterruptPriority            
00008df9  vPreSleepProcessing                       
00007d11  vQueueWaitForMessageRestricted            
000086d1  vRegisterSampleCLICommands                
00007009  vSerialPutString                          
00006a19  vStartCountingSemaphoreTasks              
00004e91  vStartEventGroupTasks                     
00005b49  vStartGenericQueueTasks                   
00003cd1  vStartInterruptQueueTasks                 
00004081  vStartInterruptSemaphoreTasks             
000035f1  vStartMathTasks                           
00006c01  vStartRecursiveMutexTasks                 
00003f99  vStartSemaphoreTasks                      
00008209  vStartTaskNotifyTask                      
00007599  vStartTimerDemoTask                       
00008241  vT32_0_Handler                            
00008279  vT32_1_Handler                            
00007851  vTaskDelay                                
00006c79  vTaskGetInfo                              
00004c41  vTaskGetRunTimeStats                      
00008c21  vTaskInternalSetTimeOutState              
000045b1  vTaskList                                 
00008d79  vTaskMissedYield                          
00004689  vTaskNotifyGiveFromISR                    
000082b1  vTaskPlaceOnEventList                     
00008059  vTaskPlaceOnEventListRestricted           
000074e1  vTaskPlaceOnUnorderedEventList            
00004831  vTaskPriorityDisinheritAfterTimeout       
00004241  vTaskPrioritySet                          
00005f11  vTaskRemoveFromUnorderedEventList         
00006449  vTaskResume                               
00006671  vTaskStartScheduler                       
00008359  vTaskStepTick                             
00003be1  vTaskSuspend                              
00008d49  vTaskSuspendAll                           
00004161  vTaskSwitchContext                        
00008701  vTimerSetTimerID                          
00007d59  vUARTCommandConsoleStart                  
00005531  vUART_Handler                             
000078a9  xEventGroupClearBits                      
00008b21  xEventGroupCreate                         
00005749  xEventGroupSetBits                        
00003dc1  xEventGroupSync                           
00002c21  xEventGroupWaitBits                       
00002af1  xFirstTimerHandler                        
2000d1b4  xHighPriorityNormallyEmptyTask1           
2000d1b8  xHighPriorityNormallyEmptyTask2           
2000d1bc  xHighPriorityNormallyFullTask1            
2000d1c0  xHighPriorityNormallyFullTask2            
000090fc  xInterruptGivePeriod                      
00004425  xPortPendSVHandler                        
00004321  xPortStartScheduler                       
00008731  xPortSysTickHandler                       
00007f09  xQueueCreateCountingSemaphore             
00008b41  xQueueCreateMutex                         
00007c21  xQueueGenericCreate                       
00006209  xQueueGenericReset                        
00001741  xQueueGenericSend                         
00004901  xQueueGenericSendFromISR                  
00007f51  xQueueGiveMutexRecursive                  
00008761  xQueueIsQueueFullFromISR                  
00001a51  xQueuePeek                                
00001bc1  xQueueReceive                             
00005bf1  xQueueReceiveFromISR                      
00001589  xQueueSemaphoreTake                       
00007c71  xQueueTakeMutexRecursive                  
00001211  xSecondTimerHandler                       
00008d89  xSerialGetChar                            
000066f9  xSerialPortInitMinimal                    
00007359  xSerialPutChar                            
00006171  xTaskCheckForTimeOut                      
00007289  xTaskCreate                               
00002f89  xTaskGenericNotify                        
00008d99  xTaskGetCurrentTaskHandle                 
000089a1  xTaskGetSchedulerState                    
00008da9  xTaskGetTickCount                         
00002759  xTaskIncrementTick                        
00008391  xTaskNotifyStateClear                     
00006299  xTaskNotifyWait                           
00004f51  xTaskPriorityDisinherit                   
00005699  xTaskPriorityInherit                      
00005e71  xTaskRemoveFromEventList                  
000033d9  xTaskResumeAll                            
00008551  xTimerCreate                              
000075f1  xTimerCreateTimerTask                     
00006cf1  xTimerGenericCommand                      
000083c9  xTimerIsTimerActive                       
0000906c  xUARTConfig                               


GLOBAL SYMBOLS: SORTED BY Symbol Address 

address   name                                      
-------   ----                                      
00000000  __TI_static_base__                        
00000000  interruptVectors                          
00000320  __STACK_SIZE                              
000008e7  __aeabi_idiv0                             
00000bad  _system_pre_init                          
00000e5d  __mpu_init                                
00000e5f  _system_post_cinit                        
00001211  xSecondTimerHandler                       
00001589  xQueueSemaphoreTake                       
00001741  xQueueGenericSend                         
000018d9  FreeRTOS_CLIProcessCommand                
00001a51  xQueuePeek                                
00001bc1  xQueueReceive                             
00002129  CS_getDCOFrequency                        
000024e9  pvPortMalloc                              
00002621  vPortSuppressTicksAndSleep                
00002759  xTaskIncrementTick                        
00002af1  xFirstTimerHandler                        
00002c21  xEventGroupWaitBits                       
00002e71  CS_initClockSignal                        
00002f89  xTaskGenericNotify                        
000033d9  xTaskResumeAll                            
000035f1  vStartMathTasks                           
00003be1  vTaskSuspend                              
00003cd1  vStartInterruptQueueTasks                 
00003dc1  xEventGroupSync                           
00003f99  vStartSemaphoreTasks                      
00004081  vStartInterruptSemaphoreTasks             
00004161  vTaskSwitchContext                        
00004241  vTaskPrioritySet                          
00004321  xPortStartScheduler                       
0000440d  ulPortGetIPSR                             
00004425  xPortPendSVHandler                        
00004485  vPortSVCHandler                           
000044a5  vPortStartFirstTask                       
000044c9  vPortEnableVFP                            
000045b1  vTaskList                                 
00004689  vTaskNotifyGiveFromISR                    
00004831  vTaskPriorityDisinheritAfterTimeout       
00004901  xQueueGenericSendFromISR                  
00004c41  vTaskGetRunTimeStats                      
00004e91  vStartEventGroupTasks                     
00004f51  xTaskPriorityDisinherit                   
000050d1  vInitialiseTimerForIntQueueTest           
0000524b  __TI_decompress_rle24                     
00005251  uxTaskGetSystemState                      
00005531  vUART_Handler                             
00005699  xTaskPriorityInherit                      
00005749  xEventGroupSetBits                        
00005b49  vStartGenericQueueTasks                   
00005bf1  xQueueReceiveFromISR                      
00005c8f  __aeabi_memcpy                            
00005c8f  __aeabi_memcpy4                           
00005c8f  __aeabi_memcpy8                           
00005c8f  memcpy                                    
00005e71  xTaskRemoveFromEventList                  
00005f11  vTaskRemoveFromUnorderedEventList         
00006171  xTaskCheckForTimeOut                      
00006209  xQueueGenericReset                        
00006299  xTaskNotifyWait                           
00006449  vTaskResume                               
000064d9  eTaskGetState                             
000065e9  vPortFree                                 
00006671  vTaskStartScheduler                       
000066f9  xSerialPortInitMinimal                    
00006781  __aeabi_cdrcmple                          
00006a19  vStartCountingSemaphoreTasks              
00006a95  __aeabi_memclr                            
00006a95  __aeabi_memclr4                           
00006a95  __aeabi_memclr8                           
00006a97  __aeabi_memset                            
00006a97  __aeabi_memset4                           
00006a97  __aeabi_memset8                           
00006a9d  memset                                    
00006c01  vStartRecursiveMutexTasks                 
00006c79  vTaskGetInfo                              
00006cf1  xTimerGenericCommand                      
00006eb9  __TI_auto_init                            
00006f29  vPortSetupTimerInterrupt                  
00007009  vSerialPutString                          
00007151  SystemInit                                
00007221  ulTaskNotifyTake                          
00007289  xTaskCreate                               
000072f1  vPortValidateInterruptPriority            
00007359  xSerialPutChar                            
000073c1  FreeRTOS_CLIGetParameter                  
00007421  FreeRTOS_CLIRegisterCommand               
000074e1  vTaskPlaceOnUnorderedEventList            
00007599  vStartTimerDemoTask                       
000075f1  xTimerCreateTimerTask                     
00007649  GPIO_setAsPeripheralModuleFunctionInputPin
000077a5  _c_int00                                  
000077f9  C$$EXIT                                   
000077fd  abort                                     
00007805  exit                                      
00007851  vTaskDelay                                
000078a9  xEventGroupClearBits                      
00007959  PCM_getCoreVoltageLevel                   
00007a49  SysCtl_getTLVInfo                         
00007a99  main_full                                 
00007b85  copy_in                                   
00007bd1  vEventGroupDelete                         
00007c21  xQueueGenericCreate                       
00007c71  xQueueTakeMutexRecursive                  
00007d11  vQueueWaitForMessageRestricted            
00007d59  vUARTCommandConsoleStart                  
00007ec1  vPortEnterCritical                        
00007f09  xQueueCreateCountingSemaphore             
00007f51  xQueueGiveMutexRecursive                  
00007f99  main                                      
00007fd9  __aeabi_uidiv                             
00007fd9  __aeabi_uidivmod                          
00008019  ulGetRunTimeCounterValue                  
00008059  vTaskPlaceOnEventListRestricted           
00008099  eTaskConfirmSleepModeStatus               
00008159  PCM_getPowerMode                          
000081d1  __aeabi_f2d                               
00008209  vStartTaskNotifyTask                      
00008241  vT32_0_Handler                            
00008279  vT32_1_Handler                            
000082b1  vTaskPlaceOnEventList                     
00008321  vListInsert                               
00008359  vTaskStepTick                             
00008391  xTaskNotifyStateClear                     
000083c9  xTimerIsTimerActive                       
00008401  FlashCtl_setWaitState                     
00008491  strncpy                                   
000084f1  vPortExitCritical                         
00008551  xTimerCreate                              
00008581  CS_setDCOCenteredFrequency                
00008611  pvTimerGetTimerID                         
00008641  pxPortInitialiseStack                     
00008671  uxQueueMessagesWaiting                    
000086a1  uxQueueSpacesAvailable                    
000086d1  vRegisterSampleCLICommands                
00008701  vTimerSetTimerID                          
00008731  xPortSysTickHandler                       
00008761  xQueueIsQueueFullFromISR                  
00008791  CS_clearInterruptFlag                     
00008809  strncat                                   
00008831  sprintf                                   
00008859  strncmp                                   
00008881  uxListRemove                              
000088f9  vConfigureTimerForRunTimeStats            
00008921  GPIO_setAsOutputPin                       
000089a1  xTaskGetSchedulerState                    
00008a01  vListInitialise                           
00008a21  pcTimerGetName                            
00008a81  uxTaskPriorityGet                         
00008b01  vFsmTask                                  
00008b21  xEventGroupCreate                         
00008b41  xQueueCreateMutex                         
00008b61  CS_getMCLK                                
00008b91  pvTaskIncrementMutexHeldCount             
00008bc1  _args_main                                
00008bd9  strcmp                                    
00008bf1  uxTaskResetEventItemValue                 
00008c09  vListInsertEnd                            
00008c21  vTaskInternalSetTimeOutState              
00008c39  GPIO_setOutputLowOnPin                    
00008c51  GPIO_toggleOutputOnPin                    
00008c95  _register_unlock                          
00008c9b  _register_lock                            
00008ca3  _nop                                      
00008ca9  strcpy                                    
00008cbd  strlen                                    
00008ce9  vApplicationMallocFailedHook              
00008d01  vApplicationStackOverflowHook             
00008d19  FPU_enableModule                          
00008d49  vTaskSuspendAll                           
00008d59  __TI_decompress_none                      
00008d69  PCM_getPowerState                         
00008d79  vTaskMissedYield                          
00008d89  xSerialGetChar                            
00008d99  xTaskGetCurrentTaskHandle                 
00008da9  xTaskGetTickCount                         
00008db9  FreeRTOS_CLIGetOutputBuffer               
00008dc1  PCM_setCoreVoltageLevel                   
00008dc9  PCM_setPowerMode                          
00008dd1  vListInitialiseItem                       
00008df1  vApplicationIdleHook                      
00008df9  vPreSleepProcessing                       
0000906c  xUARTConfig                               
000090f4  ulMaxSyscallInterruptPriority             
000090fc  xInterruptGivePeriod                      
0000919c  __TI_Handler_Table_Base                   
000091a4  __TI_CINIT_Base                           
000091a4  __TI_Handler_Table_Limit                  
000091b4  __TI_CINIT_Limit                          
2000d1b0  FsmTaskHandle                             
2000d1b4  xHighPriorityNormallyEmptyTask1           
2000d1b8  xHighPriorityNormallyEmptyTask2           
2000d1bc  xHighPriorityNormallyFullTask1            
2000d1c0  xHighPriorityNormallyFullTask2            
2000d390  pxCurrentTCB                              
2000d558  __TI_cleanup_ptr                          
2000d55c  __TI_dtors_ptr                            
2000d560  __TI_enable_exit_profile_output           
2000d588  _lock                                     
2000d58c  _unlock                                   
2000d5c0  main_func_sp                              
2000fce0  __stack                                   
20010000  __STACK_END                               
4000480c  WDTCTL_SYM                                
ffffffff  __TI_pprof_out_hndl                       
ffffffff  __TI_prof_data_size                       
ffffffff  __TI_prof_data_start                      
ffffffff  __binit__                                 
ffffffff  __c_args__                                
ffffffff  binit                                     
UNDEFED   SHT$$INIT_ARRAY$$Base                     
UNDEFED   SHT$$INIT_ARRAY$$Limit                    

[212 symbols]
