<?xml version="1.0"?>
<link_info>
   <banner>TI ARM Linker PC v15.12.3.LTS</banner>
   <copyright>Copyright (c) 1996-2015 Texas Instruments Incorporated</copyright>
   <link_time>0x5c370ce7</link_time>
   <link_errors>0x0</link_errors>
   <output_file>RTOSDemo.out</output_file>
   <entry_point>
      <name>_c_int00</name>
      <address>0x77a5</address>
   </entry_point>
   <input_file_list>
      <input_file id="fl-2">
         <path>.\</path>
         <kind>object</kind>
         <file>main.obj</file>
         <name>main.obj</name>
      </input_file>
      <input_file id="fl-3">
         <path>.\FreeRTOS_Source\</path>
         <kind>object</kind>
         <file>croutine.obj</file>
         <name>croutine.obj</name>
      </input_file>
      <input_file id="fl-4">
         <path>.\FreeRTOS_Source\</path>
         <kind>object</kind>
         <file>event_groups.obj</file>
         <name>event_groups.obj</name>
      </input_file>
      <input_file id="fl-5">
         <path>.\FreeRTOS_Source\</path>
         <kind>object</kind>
         <file>list.obj</file>
         <name>list.obj</name>
      </input_file>
      <input_file id="fl-6">
         <path>.\FreeRTOS_Source\</path>
         <kind>object</kind>
         <file>queue.obj</file>
         <name>queue.obj</name>
      </input_file>
      <input_file id="fl-7">
         <path>.\FreeRTOS_Source\</path>
         <kind>object</kind>
         <file>stream_buffer.obj</file>
         <name>stream_buffer.obj</name>
      </input_file>
      <input_file id="fl-8">
         <path>.\FreeRTOS_Source\</path>
         <kind>object</kind>
         <file>tasks.obj</file>
         <name>tasks.obj</name>
      </input_file>
      <input_file id="fl-9">
         <path>.\FreeRTOS_Source\</path>
         <kind>object</kind>
         <file>timers.obj</file>
         <name>timers.obj</name>
      </input_file>
      <input_file id="fl-a">
         <path>.\FreeRTOS_Source\portable\CCS\ARM_CM4F\</path>
         <kind>object</kind>
         <file>port.obj</file>
         <name>port.obj</name>
      </input_file>
      <input_file id="fl-b">
         <path>.\FreeRTOS_Source\portable\CCS\ARM_CM4F\</path>
         <kind>object</kind>
         <file>portasm.obj</file>
         <name>portasm.obj</name>
      </input_file>
      <input_file id="fl-c">
         <path>.\FreeRTOS_Source\portable\MemMang\</path>
         <kind>object</kind>
         <file>heap_4.obj</file>
         <name>heap_4.obj</name>
      </input_file>
      <input_file id="fl-d">
         <path>.\Full_Demo\FreeRTOS_CLI\</path>
         <kind>object</kind>
         <file>FreeRTOS_CLI.obj</file>
         <name>FreeRTOS_CLI.obj</name>
      </input_file>
      <input_file id="fl-e">
         <path>.\Full_Demo\</path>
         <kind>object</kind>
         <file>IntQueueTimer.obj</file>
         <name>IntQueueTimer.obj</name>
      </input_file>
      <input_file id="fl-f">
         <path>.\Full_Demo\</path>
         <kind>object</kind>
         <file>RegTest.obj</file>
         <name>RegTest.obj</name>
      </input_file>
      <input_file id="fl-10">
         <path>.\Full_Demo\</path>
         <kind>object</kind>
         <file>RunTimeStatsTimer.obj</file>
         <name>RunTimeStatsTimer.obj</name>
      </input_file>
      <input_file id="fl-11">
         <path>.\Full_Demo\</path>
         <kind>object</kind>
         <file>Sample-CLI-commands.obj</file>
         <name>Sample-CLI-commands.obj</name>
      </input_file>
      <input_file id="fl-12">
         <path>.\Full_Demo\</path>
         <kind>object</kind>
         <file>UARTCommandConsole.obj</file>
         <name>UARTCommandConsole.obj</name>
      </input_file>
      <input_file id="fl-13">
         <path>.\Full_Demo\</path>
         <kind>object</kind>
         <file>main_full.obj</file>
         <name>main_full.obj</name>
      </input_file>
      <input_file id="fl-14">
         <path>.\Full_Demo\</path>
         <kind>object</kind>
         <file>serial.obj</file>
         <name>serial.obj</name>
      </input_file>
      <input_file id="fl-15">
         <path>.\Full_Demo\Minimal\</path>
         <kind>object</kind>
         <file>AbortDelay.obj</file>
         <name>AbortDelay.obj</name>
      </input_file>
      <input_file id="fl-16">
         <path>.\Full_Demo\Minimal\</path>
         <kind>object</kind>
         <file>BlockQ.obj</file>
         <name>BlockQ.obj</name>
      </input_file>
      <input_file id="fl-17">
         <path>.\Full_Demo\Minimal\</path>
         <kind>object</kind>
         <file>EventGroupsDemo.obj</file>
         <name>EventGroupsDemo.obj</name>
      </input_file>
      <input_file id="fl-18">
         <path>.\Full_Demo\Minimal\</path>
         <kind>object</kind>
         <file>GenQTest.obj</file>
         <name>GenQTest.obj</name>
      </input_file>
      <input_file id="fl-19">
         <path>.\Full_Demo\Minimal\</path>
         <kind>object</kind>
         <file>IntQueue.obj</file>
         <name>IntQueue.obj</name>
      </input_file>
      <input_file id="fl-1a">
         <path>.\Full_Demo\Minimal\</path>
         <kind>object</kind>
         <file>IntSemTest.obj</file>
         <name>IntSemTest.obj</name>
      </input_file>
      <input_file id="fl-1b">
         <path>.\Full_Demo\Minimal\</path>
         <kind>object</kind>
         <file>MessageBufferAMP.obj</file>
         <name>MessageBufferAMP.obj</name>
      </input_file>
      <input_file id="fl-1c">
         <path>.\Full_Demo\Minimal\</path>
         <kind>object</kind>
         <file>MessageBufferDemo.obj</file>
         <name>MessageBufferDemo.obj</name>
      </input_file>
      <input_file id="fl-1d">
         <path>.\Full_Demo\Minimal\</path>
         <kind>object</kind>
         <file>PollQ.obj</file>
         <name>PollQ.obj</name>
      </input_file>
      <input_file id="fl-1e">
         <path>.\Full_Demo\Minimal\</path>
         <kind>object</kind>
         <file>QPeek.obj</file>
         <name>QPeek.obj</name>
      </input_file>
      <input_file id="fl-1f">
         <path>.\Full_Demo\Minimal\</path>
         <kind>object</kind>
         <file>QueueOverwrite.obj</file>
         <name>QueueOverwrite.obj</name>
      </input_file>
      <input_file id="fl-20">
         <path>.\Full_Demo\Minimal\</path>
         <kind>object</kind>
         <file>QueueSet.obj</file>
         <name>QueueSet.obj</name>
      </input_file>
      <input_file id="fl-21">
         <path>.\Full_Demo\Minimal\</path>
         <kind>object</kind>
         <file>QueueSetPolling.obj</file>
         <name>QueueSetPolling.obj</name>
      </input_file>
      <input_file id="fl-22">
         <path>.\Full_Demo\Minimal\</path>
         <kind>object</kind>
         <file>StaticAllocation.obj</file>
         <name>StaticAllocation.obj</name>
      </input_file>
      <input_file id="fl-23">
         <path>.\Full_Demo\Minimal\</path>
         <kind>object</kind>
         <file>StreamBufferDemo.obj</file>
         <name>StreamBufferDemo.obj</name>
      </input_file>
      <input_file id="fl-24">
         <path>.\Full_Demo\Minimal\</path>
         <kind>object</kind>
         <file>StreamBufferInterrupt.obj</file>
         <name>StreamBufferInterrupt.obj</name>
      </input_file>
      <input_file id="fl-25">
         <path>.\Full_Demo\Minimal\</path>
         <kind>object</kind>
         <file>TaskNotify.obj</file>
         <name>TaskNotify.obj</name>
      </input_file>
      <input_file id="fl-26">
         <path>.\Full_Demo\Minimal\</path>
         <kind>object</kind>
         <file>TimerDemo.obj</file>
         <name>TimerDemo.obj</name>
      </input_file>
      <input_file id="fl-27">
         <path>.\Full_Demo\Minimal\</path>
         <kind>object</kind>
         <file>blocktim.obj</file>
         <name>blocktim.obj</name>
      </input_file>
      <input_file id="fl-28">
         <path>.\Full_Demo\Minimal\</path>
         <kind>object</kind>
         <file>comtest.obj</file>
         <name>comtest.obj</name>
      </input_file>
      <input_file id="fl-29">
         <path>.\Full_Demo\Minimal\</path>
         <kind>object</kind>
         <file>countsem.obj</file>
         <name>countsem.obj</name>
      </input_file>
      <input_file id="fl-2a">
         <path>.\Full_Demo\Minimal\</path>
         <kind>object</kind>
         <file>crflash.obj</file>
         <name>crflash.obj</name>
      </input_file>
      <input_file id="fl-2b">
         <path>.\Full_Demo\Minimal\</path>
         <kind>object</kind>
         <file>death.obj</file>
         <name>death.obj</name>
      </input_file>
      <input_file id="fl-2c">
         <path>.\Full_Demo\Minimal\</path>
         <kind>object</kind>
         <file>dynamic.obj</file>
         <name>dynamic.obj</name>
      </input_file>
      <input_file id="fl-2d">
         <path>.\Full_Demo\Minimal\</path>
         <kind>object</kind>
         <file>flash_timer.obj</file>
         <name>flash_timer.obj</name>
      </input_file>
      <input_file id="fl-2e">
         <path>.\Full_Demo\Minimal\</path>
         <kind>object</kind>
         <file>integer.obj</file>
         <name>integer.obj</name>
      </input_file>
      <input_file id="fl-2f">
         <path>.\Full_Demo\Minimal\</path>
         <kind>object</kind>
         <file>recmutex.obj</file>
         <name>recmutex.obj</name>
      </input_file>
      <input_file id="fl-30">
         <path>.\Full_Demo\Minimal\</path>
         <kind>object</kind>
         <file>semtest.obj</file>
         <name>semtest.obj</name>
      </input_file>
      <input_file id="fl-31">
         <path>.\Full_Demo\Minimal\</path>
         <kind>object</kind>
         <file>sp_flop.obj</file>
         <name>sp_flop.obj</name>
      </input_file>
      <input_file id="fl-32">
         <path>.\Functions\</path>
         <kind>object</kind>
         <file>fsm.obj</file>
         <name>fsm.obj</name>
      </input_file>
      <input_file id="fl-33">
         <path>.\SimplyBlinkyDemo\</path>
         <kind>object</kind>
         <file>main_blinky.obj</file>
         <name>main_blinky.obj</name>
      </input_file>
      <input_file id="fl-34">
         <path>.\driverlib\</path>
         <kind>object</kind>
         <file>cpu.obj</file>
         <name>cpu.obj</name>
      </input_file>
      <input_file id="fl-35">
         <path>.\driverlib\</path>
         <kind>object</kind>
         <file>cs.obj</file>
         <name>cs.obj</name>
      </input_file>
      <input_file id="fl-36">
         <path>.\driverlib\</path>
         <kind>object</kind>
         <file>flash.obj</file>
         <name>flash.obj</name>
      </input_file>
      <input_file id="fl-37">
         <path>.\driverlib\</path>
         <kind>object</kind>
         <file>fpu.obj</file>
         <name>fpu.obj</name>
      </input_file>
      <input_file id="fl-38">
         <path>.\driverlib\</path>
         <kind>object</kind>
         <file>gpio.obj</file>
         <name>gpio.obj</name>
      </input_file>
      <input_file id="fl-39">
         <path>.\driverlib\</path>
         <kind>object</kind>
         <file>interrupt.obj</file>
         <name>interrupt.obj</name>
      </input_file>
      <input_file id="fl-3a">
         <path>.\driverlib\</path>
         <kind>object</kind>
         <file>pcm.obj</file>
         <name>pcm.obj</name>
      </input_file>
      <input_file id="fl-3b">
         <path>.\driverlib\</path>
         <kind>object</kind>
         <file>sysctl.obj</file>
         <name>sysctl.obj</name>
      </input_file>
      <input_file id="fl-3c">
         <path>.\driverlib\</path>
         <kind>object</kind>
         <file>timer32.obj</file>
         <name>timer32.obj</name>
      </input_file>
      <input_file id="fl-3d">
         <path>.\driverlib\</path>
         <kind>object</kind>
         <file>uart.obj</file>
         <name>uart.obj</name>
      </input_file>
      <input_file id="fl-3e">
         <path>.\driverlib\</path>
         <kind>object</kind>
         <file>wdt_a.obj</file>
         <name>wdt_a.obj</name>
      </input_file>
      <input_file id="fl-3f">
         <path>.\system\CCS\</path>
         <kind>object</kind>
         <file>msp432_startup_ccs.obj</file>
         <name>msp432_startup_ccs.obj</name>
      </input_file>
      <input_file id="fl-40">
         <path>.\system\CCS\</path>
         <kind>object</kind>
         <file>printf-stdarg.obj</file>
         <name>printf-stdarg.obj</name>
      </input_file>
      <input_file id="fl-41">
         <path>.\system\CCS\</path>
         <kind>object</kind>
         <file>system_msp432p401r.obj</file>
         <name>system_msp432p401r.obj</name>
      </input_file>
      <input_file id="fl-fb">
         <path>C:\ti\ccsv6\tools\compiler\arm_15.12.3.LTS\lib\</path>
         <kind>archive</kind>
         <file>rtsv7M4_T_le_v4SPD16_eabi.lib</file>
         <name>boot.obj</name>
      </input_file>
      <input_file id="fl-fc">
         <path>C:\ti\ccsv6\tools\compiler\arm_15.12.3.LTS\lib\</path>
         <kind>archive</kind>
         <file>rtsv7M4_T_le_v4SPD16_eabi.lib</file>
         <name>copy_decompress_none.obj</name>
      </input_file>
      <input_file id="fl-fd">
         <path>C:\ti\ccsv6\tools\compiler\arm_15.12.3.LTS\lib\</path>
         <kind>archive</kind>
         <file>rtsv7M4_T_le_v4SPD16_eabi.lib</file>
         <name>copy_decompress_rle.obj</name>
      </input_file>
      <input_file id="fl-fe">
         <path>C:\ti\ccsv6\tools\compiler\arm_15.12.3.LTS\lib\</path>
         <kind>archive</kind>
         <file>rtsv7M4_T_le_v4SPD16_eabi.lib</file>
         <name>copy_zero_init.obj</name>
      </input_file>
      <input_file id="fl-ff">
         <path>C:\ti\ccsv6\tools\compiler\arm_15.12.3.LTS\lib\</path>
         <kind>archive</kind>
         <file>rtsv7M4_T_le_v4SPD16_eabi.lib</file>
         <name>exit.obj</name>
      </input_file>
      <input_file id="fl-100">
         <path>C:\ti\ccsv6\tools\compiler\arm_15.12.3.LTS\lib\</path>
         <kind>archive</kind>
         <file>rtsv7M4_T_le_v4SPD16_eabi.lib</file>
         <name>fd_cmp_t2.obj</name>
      </input_file>
      <input_file id="fl-101">
         <path>C:\ti\ccsv6\tools\compiler\arm_15.12.3.LTS\lib\</path>
         <kind>archive</kind>
         <file>rtsv7M4_T_le_v4SPD16_eabi.lib</file>
         <name>fs_tod_t2.obj</name>
      </input_file>
      <input_file id="fl-102">
         <path>C:\ti\ccsv6\tools\compiler\arm_15.12.3.LTS\lib\</path>
         <kind>archive</kind>
         <file>rtsv7M4_T_le_v4SPD16_eabi.lib</file>
         <name>memcmp.obj</name>
      </input_file>
      <input_file id="fl-103">
         <path>C:\ti\ccsv6\tools\compiler\arm_15.12.3.LTS\lib\</path>
         <kind>archive</kind>
         <file>rtsv7M4_T_le_v4SPD16_eabi.lib</file>
         <name>memcpy_t2.obj</name>
      </input_file>
      <input_file id="fl-104">
         <path>C:\ti\ccsv6\tools\compiler\arm_15.12.3.LTS\lib\</path>
         <kind>archive</kind>
         <file>rtsv7M4_T_le_v4SPD16_eabi.lib</file>
         <name>memset_t2.obj</name>
      </input_file>
      <input_file id="fl-105">
         <path>C:\ti\ccsv6\tools\compiler\arm_15.12.3.LTS\lib\</path>
         <kind>archive</kind>
         <file>rtsv7M4_T_le_v4SPD16_eabi.lib</file>
         <name>mpu_init.obj</name>
      </input_file>
      <input_file id="fl-106">
         <path>C:\ti\ccsv6\tools\compiler\arm_15.12.3.LTS\lib\</path>
         <kind>archive</kind>
         <file>rtsv7M4_T_le_v4SPD16_eabi.lib</file>
         <name>pre_init.obj</name>
      </input_file>
      <input_file id="fl-107">
         <path>C:\ti\ccsv6\tools\compiler\arm_15.12.3.LTS\lib\</path>
         <kind>archive</kind>
         <file>rtsv7M4_T_le_v4SPD16_eabi.lib</file>
         <name>stkdepth_vars.obj</name>
      </input_file>
      <input_file id="fl-108">
         <path>C:\ti\ccsv6\tools\compiler\arm_15.12.3.LTS\lib\</path>
         <kind>archive</kind>
         <file>rtsv7M4_T_le_v4SPD16_eabi.lib</file>
         <name>strcmp.obj</name>
      </input_file>
      <input_file id="fl-109">
         <path>C:\ti\ccsv6\tools\compiler\arm_15.12.3.LTS\lib\</path>
         <kind>archive</kind>
         <file>rtsv7M4_T_le_v4SPD16_eabi.lib</file>
         <name>strcpy.obj</name>
      </input_file>
      <input_file id="fl-10a">
         <path>C:\ti\ccsv6\tools\compiler\arm_15.12.3.LTS\lib\</path>
         <kind>archive</kind>
         <file>rtsv7M4_T_le_v4SPD16_eabi.lib</file>
         <name>strlen.obj</name>
      </input_file>
      <input_file id="fl-10b">
         <path>C:\ti\ccsv6\tools\compiler\arm_15.12.3.LTS\lib\</path>
         <kind>archive</kind>
         <file>rtsv7M4_T_le_v4SPD16_eabi.lib</file>
         <name>strncat.obj</name>
      </input_file>
      <input_file id="fl-10c">
         <path>C:\ti\ccsv6\tools\compiler\arm_15.12.3.LTS\lib\</path>
         <kind>archive</kind>
         <file>rtsv7M4_T_le_v4SPD16_eabi.lib</file>
         <name>strncmp.obj</name>
      </input_file>
      <input_file id="fl-10d">
         <path>C:\ti\ccsv6\tools\compiler\arm_15.12.3.LTS\lib\</path>
         <kind>archive</kind>
         <file>rtsv7M4_T_le_v4SPD16_eabi.lib</file>
         <name>strncpy.obj</name>
      </input_file>
      <input_file id="fl-10e">
         <path>C:\ti\ccsv6\tools\compiler\arm_15.12.3.LTS\lib\</path>
         <kind>archive</kind>
         <file>rtsv7M4_T_le_v4SPD16_eabi.lib</file>
         <name>u_divt2.obj</name>
      </input_file>
      <input_file id="fl-10f">
         <path>C:\ti\ccsv6\tools\compiler\arm_15.12.3.LTS\lib\</path>
         <kind>archive</kind>
         <file>rtsv7M4_T_le_v4SPD16_eabi.lib</file>
         <name>_lock.obj</name>
      </input_file>
      <input_file id="fl-110">
         <path>C:\ti\ccsv6\tools\compiler\arm_15.12.3.LTS\lib\</path>
         <kind>archive</kind>
         <file>rtsv7M4_T_le_v4SPD16_eabi.lib</file>
         <name>args_main.obj</name>
      </input_file>
      <input_file id="fl-111">
         <path>C:\ti\ccsv6\tools\compiler\arm_15.12.3.LTS\lib\</path>
         <kind>archive</kind>
         <file>rtsv7M4_T_le_v4SPD16_eabi.lib</file>
         <name>autoinit.obj</name>
      </input_file>
      <input_file id="fl-112">
         <path>C:\ti\ccsv6\tools\compiler\arm_15.12.3.LTS\lib\</path>
         <kind>archive</kind>
         <file>rtsv7M4_T_le_v4SPD16_eabi.lib</file>
         <name>cpy_tbl.obj</name>
      </input_file>
      <input_file id="fl-113">
         <path>C:\ti\ccsv6\tools\compiler\arm_15.12.3.LTS\lib\</path>
         <kind>archive</kind>
         <file>rtsv7M4_T_le_v4SPD16_eabi.lib</file>
         <name>i_div0.obj</name>
      </input_file>
      <input_file id="fl-114">
         <path>C:\ti\ccsv6\tools\compiler\arm_15.12.3.LTS\lib\</path>
         <kind>archive</kind>
         <file>rtsv7M4_T_le_v4SPD16_eabi.lib</file>
         <name>startup.obj</name>
      </input_file>
   </input_file_list>
   <object_component_list>
      <object_component id="oc-10">
         <name>.intvecs:retain</name>
         <load_address>0x0</load_address>
         <run_address>0x0</run_address>
         <size>0x144</size>
         <input_file_ref idref="fl-3f"/>
      </object_component>
      <object_component id="oc-6e7">
         <name>.text:prvSingleTaskTests</name>
         <load_address>0x148</load_address>
         <run_address>0x148</run_address>
         <size>0x79e</size>
         <input_file_ref idref="fl-25"/>
      </object_component>
      <object_component id="oc-a71">
         <name>.text</name>
         <load_address>0x8e6</load_address>
         <run_address>0x8e6</run_address>
         <size>0x2</size>
         <input_file_ref idref="fl-113"/>
      </object_component>
      <object_component id="oc-683">
         <name>.text:prvTest6_CheckAutoReloadResetBehaviour</name>
         <load_address>0x8e8</load_address>
         <run_address>0x8e8</run_address>
         <size>0x2c4</size>
         <input_file_ref idref="fl-26"/>
      </object_component>
      <object_component id="oc-8f">
         <name>.text</name>
         <load_address>0xbac</load_address>
         <run_address>0xbac</run_address>
         <size>0x4</size>
         <input_file_ref idref="fl-106"/>
      </object_component>
      <object_component id="oc-3be">
         <name>.text:prvSendFrontAndBackTest</name>
         <load_address>0xbb0</load_address>
         <run_address>0xbb0</run_address>
         <size>0x2ac</size>
         <input_file_ref idref="fl-18"/>
      </object_component>
      <object_component id="oc-89">
         <name>.text</name>
         <load_address>0xe5c</load_address>
         <run_address>0xe5c</run_address>
         <size>0x2</size>
         <input_file_ref idref="fl-105"/>
      </object_component>
      <object_component id="oc-120">
         <name>.text</name>
         <load_address>0xe5e</load_address>
         <run_address>0xe5e</run_address>
         <size>0x2</size>
         <input_file_ref idref="fl-114"/>
      </object_component>
      <object_component id="oc-403">
         <name>.text:prvTest1_CreateTimersWithoutSchedulerRunning</name>
         <load_address>0xe60</load_address>
         <run_address>0xe60</run_address>
         <size>0x1e8</size>
         <input_file_ref idref="fl-26"/>
      </object_component>
      <object_component id="oc-9df">
         <name>.text:tiny_print</name>
         <load_address>0x1048</load_address>
         <run_address>0x1048</run_address>
         <size>0x1c4</size>
         <input_file_ref idref="fl-40"/>
      </object_component>
      <object_component id="oc-ed">
         <name>.text:xSecondTimerHandler</name>
         <load_address>0x1210</load_address>
         <run_address>0x1210</run_address>
         <size>0x1c0</size>
         <input_file_ref idref="fl-19"/>
      </object_component>
      <object_component id="oc-6c4">
         <name>.text:prvPerformTaskSyncTests</name>
         <load_address>0x13d0</load_address>
         <run_address>0x13d0</run_address>
         <size>0x1b4</size>
         <input_file_ref idref="fl-17"/>
      </object_component>
      <object_component id="oc-59d">
         <name>.text:xQueueSemaphoreTake</name>
         <load_address>0x1588</load_address>
         <run_address>0x1588</run_address>
         <size>0x1b4</size>
         <input_file_ref idref="fl-6"/>
      </object_component>
      <object_component id="oc-3f5">
         <name>.text:xQueueGenericSend</name>
         <load_address>0x1740</load_address>
         <run_address>0x1740</run_address>
         <size>0x194</size>
         <input_file_ref idref="fl-6"/>
      </object_component>
      <object_component id="oc-750">
         <name>.text:FreeRTOS_CLIProcessCommand</name>
         <load_address>0x18d8</load_address>
         <run_address>0x18d8</run_address>
         <size>0x174</size>
         <input_file_ref idref="fl-d"/>
      </object_component>
      <object_component id="oc-5bd">
         <name>.text:xQueuePeek</name>
         <load_address>0x1a50</load_address>
         <run_address>0x1a50</run_address>
         <size>0x16c</size>
         <input_file_ref idref="fl-6"/>
      </object_component>
      <object_component id="oc-570">
         <name>.text:xQueueReceive</name>
         <load_address>0x1bc0</load_address>
         <run_address>0x1bc0</run_address>
         <size>0x164</size>
         <input_file_ref idref="fl-6"/>
      </object_component>
      <object_component id="oc-3ee">
         <name>.text:prvRecursiveMutexPollingTask</name>
         <load_address>0x1d28</load_address>
         <run_address>0x1d28</run_address>
         <size>0x158</size>
         <input_file_ref idref="fl-2f"/>
      </object_component>
      <object_component id="oc-705">
         <name>.text:prvTakeAndGiveInTheSameOrder</name>
         <load_address>0x1e80</load_address>
         <run_address>0x1e80</run_address>
         <size>0x158</size>
         <input_file_ref idref="fl-1a"/>
      </object_component>
      <object_component id="oc-49b">
         <name>.text:prvUARTCommandConsoleTask</name>
         <load_address>0x1fd8</load_address>
         <run_address>0x1fd8</run_address>
         <size>0x14c</size>
         <input_file_ref idref="fl-12"/>
      </object_component>
      <object_component id="oc-a04">
         <name>.text:CS_getDCOFrequency</name>
         <load_address>0x2128</load_address>
         <run_address>0x2128</run_address>
         <size>0x148</size>
         <input_file_ref idref="fl-35"/>
      </object_component>
      <object_component id="oc-677">
         <name>.text:prvTest4_CheckAutoReloadTimersCanBeStopped</name>
         <load_address>0x2270</load_address>
         <run_address>0x2270</run_address>
         <size>0x140</size>
         <input_file_ref idref="fl-26"/>
      </object_component>
      <object_component id="oc-386">
         <name>.text:prvHigherPriorityNormallyEmptyTask</name>
         <load_address>0x23b0</load_address>
         <run_address>0x23b0</run_address>
         <size>0x138</size>
         <input_file_ref idref="fl-19"/>
      </object_component>
      <object_component id="oc-2fd">
         <name>.text:pvPortMalloc</name>
         <load_address>0x24e8</load_address>
         <run_address>0x24e8</run_address>
         <size>0x138</size>
         <input_file_ref idref="fl-c"/>
      </object_component>
      <object_component id="oc-520">
         <name>.text:vPortSuppressTicksAndSleep</name>
         <load_address>0x2620</load_address>
         <run_address>0x2620</run_address>
         <size>0x134</size>
         <input_file_ref idref="fl-a"/>
      </object_component>
      <object_component id="oc-c2">
         <name>.text:xTaskIncrementTick</name>
         <load_address>0x2758</load_address>
         <run_address>0x2758</run_address>
         <size>0x134</size>
         <input_file_ref idref="fl-8"/>
      </object_component>
      <object_component id="oc-394">
         <name>.text:prv1stHigherPriorityNormallyFullTask</name>
         <load_address>0x2890</load_address>
         <run_address>0x2890</run_address>
         <size>0x130</size>
         <input_file_ref idref="fl-19"/>
      </object_component>
      <object_component id="oc-70b">
         <name>.text:prvTakeAndGiveInTheOppositeOrder</name>
         <load_address>0x29c0</load_address>
         <run_address>0x29c0</run_address>
         <size>0x130</size>
         <input_file_ref idref="fl-1a"/>
      </object_component>
      <object_component id="oc-e6">
         <name>.text:xFirstTimerHandler</name>
         <load_address>0x2af0</load_address>
         <run_address>0x2af0</run_address>
         <size>0x130</size>
         <input_file_ref idref="fl-19"/>
      </object_component>
      <object_component id="oc-699">
         <name>.text:xEventGroupWaitBits</name>
         <load_address>0x2c20</load_address>
         <run_address>0x2c20</run_address>
         <size>0x12c</size>
         <input_file_ref idref="fl-4"/>
      </object_component>
      <object_component id="oc-428">
         <name>.text:prvTestSlaveTask</name>
         <load_address>0x2d50</load_address>
         <run_address>0x2d50</run_address>
         <size>0x11c</size>
         <input_file_ref idref="fl-17"/>
      </object_component>
      <object_component id="oc-36f">
         <name>.text:CS_initClockSignal</name>
         <load_address>0x2e70</load_address>
         <run_address>0x2e70</run_address>
         <size>0x118</size>
         <input_file_ref idref="fl-35"/>
      </object_component>
      <object_component id="oc-8ee">
         <name>.text:xTaskGenericNotify</name>
         <load_address>0x2f88</load_address>
         <run_address>0x2f88</run_address>
         <size>0x118</size>
         <input_file_ref idref="fl-8"/>
      </object_component>
      <object_component id="oc-98c">
         <name>.text:_CSComputeCLKFrequency</name>
         <load_address>0x30a0</load_address>
         <run_address>0x30a0</run_address>
         <size>0x114</size>
         <input_file_ref idref="fl-35"/>
      </object_component>
      <object_component id="oc-450">
         <name>.text:prvNotifiedTask</name>
         <load_address>0x31b8</load_address>
         <run_address>0x31b8</run_address>
         <size>0x110</size>
         <input_file_ref idref="fl-25"/>
      </object_component>
      <object_component id="oc-67d">
         <name>.text:prvTest5_CheckBasicOneShotTimerBehaviour</name>
         <load_address>0x32c8</load_address>
         <run_address>0x32c8</run_address>
         <size>0x110</size>
         <input_file_ref idref="fl-26"/>
      </object_component>
      <object_component id="oc-4c7">
         <name>.text:xTaskResumeAll</name>
         <load_address>0x33d8</load_address>
         <run_address>0x33d8</run_address>
         <size>0x10c</size>
         <input_file_ref idref="fl-8"/>
      </object_component>
      <object_component id="oc-5cb">
         <name>.text:prvTakeTwoMutexesReturnInDifferentOrder</name>
         <load_address>0x34e8</load_address>
         <run_address>0x34e8</run_address>
         <size>0x108</size>
         <input_file_ref idref="fl-18"/>
      </object_component>
      <object_component id="oc-2ea">
         <name>.text:vStartMathTasks</name>
         <load_address>0x35f0</load_address>
         <run_address>0x35f0</run_address>
         <size>0x108</size>
         <input_file_ref idref="fl-31"/>
      </object_component>
      <object_component id="oc-99b">
         <name>.text:__PCM_setPowerModeAdvanced</name>
         <load_address>0x36f8</load_address>
         <run_address>0x36f8</run_address>
         <size>0x104</size>
         <input_file_ref idref="fl-3a"/>
      </object_component>
      <object_component id="oc-43d">
         <name>.text:prvSyncTask</name>
         <load_address>0x3800</load_address>
         <run_address>0x3800</run_address>
         <size>0x100</size>
         <input_file_ref idref="fl-17"/>
      </object_component>
      <object_component id="oc-6be">
         <name>.text:prvBitCombinationTestMasterFunction</name>
         <load_address>0x3900</load_address>
         <run_address>0x3900</run_address>
         <size>0xf8</size>
         <input_file_ref idref="fl-17"/>
      </object_component>
      <object_component id="oc-7cb">
         <name>.text:prvProcessReceivedCommands</name>
         <load_address>0x39f8</load_address>
         <run_address>0x39f8</run_address>
         <size>0xf8</size>
         <input_file_ref idref="fl-9"/>
      </object_component>
      <object_component id="oc-6b8">
         <name>.text:prvSelectiveBitsTestMasterFunction</name>
         <load_address>0x3af0</load_address>
         <run_address>0x3af0</run_address>
         <size>0xf0</size>
         <input_file_ref idref="fl-17"/>
      </object_component>
      <object_component id="oc-576">
         <name>.text:vTaskSuspend</name>
         <load_address>0x3be0</load_address>
         <run_address>0x3be0</run_address>
         <size>0xf0</size>
         <input_file_ref idref="fl-8"/>
      </object_component>
      <object_component id="oc-2b4">
         <name>.text:vStartInterruptQueueTasks</name>
         <load_address>0x3cd0</load_address>
         <run_address>0x3cd0</run_address>
         <size>0xec</size>
         <input_file_ref idref="fl-19"/>
      </object_component>
      <object_component id="oc-69f">
         <name>.text:xEventGroupSync</name>
         <load_address>0x3dc0</load_address>
         <run_address>0x3dc0</run_address>
         <size>0xec</size>
         <input_file_ref idref="fl-4"/>
      </object_component>
      <object_component id="oc-5d1">
         <name>.text:prvTakeTwoMutexesReturnInSameOrder</name>
         <load_address>0x3eb0</load_address>
         <run_address>0x3eb0</run_address>
         <size>0xe8</size>
         <input_file_ref idref="fl-18"/>
      </object_component>
      <object_component id="oc-2cc">
         <name>.text:vStartSemaphoreTasks</name>
         <load_address>0x3f98</load_address>
         <run_address>0x3f98</run_address>
         <size>0xe8</size>
         <input_file_ref idref="fl-30"/>
      </object_component>
      <object_component id="oc-2e4">
         <name>.text:vStartInterruptSemaphoreTasks</name>
         <load_address>0x4080</load_address>
         <run_address>0x4080</run_address>
         <size>0xe0</size>
         <input_file_ref idref="fl-1a"/>
      </object_component>
      <object_component id="oc-bb">
         <name>.text:vTaskSwitchContext</name>
         <load_address>0x4160</load_address>
         <run_address>0x4160</run_address>
         <size>0xe0</size>
         <input_file_ref idref="fl-8"/>
      </object_component>
      <object_component id="oc-583">
         <name>.text:vTaskPrioritySet</name>
         <load_address>0x4240</load_address>
         <run_address>0x4240</run_address>
         <size>0xdc</size>
         <input_file_ref idref="fl-8"/>
      </object_component>
      <object_component id="oc-322">
         <name>.text:xPortStartScheduler</name>
         <load_address>0x4320</load_address>
         <run_address>0x4320</run_address>
         <size>0xdc</size>
         <input_file_ref idref="fl-a"/>
      </object_component>
      <object_component id="oc-44">
         <name>.text</name>
         <load_address>0x43fc</load_address>
         <run_address>0x43fc</run_address>
         <size>0xda</size>
         <input_file_ref idref="fl-b"/>
      </object_component>
      <object_component id="oc-557">
         <name>.text:__PCM_setCoreVoltageLevelAdvanced</name>
         <load_address>0x44d8</load_address>
         <run_address>0x44d8</run_address>
         <size>0xd4</size>
         <input_file_ref idref="fl-3a"/>
      </object_component>
      <object_component id="oc-938">
         <name>.text:vTaskList</name>
         <load_address>0x45b0</load_address>
         <run_address>0x45b0</run_address>
         <size>0xd4</size>
         <input_file_ref idref="fl-8"/>
      </object_component>
      <object_component id="oc-cf">
         <name>.text:vTaskNotifyGiveFromISR</name>
         <load_address>0x4688</load_address>
         <run_address>0x4688</run_address>
         <size>0xd4</size>
         <input_file_ref idref="fl-8"/>
      </object_component>
      <object_component id="oc-475">
         <name>.text:vInterruptCountingSemaphoreTask</name>
         <load_address>0x4760</load_address>
         <run_address>0x4760</run_address>
         <size>0xd0</size>
         <input_file_ref idref="fl-1a"/>
      </object_component>
      <object_component id="oc-852">
         <name>.text:vTaskPriorityDisinheritAfterTimeout</name>
         <load_address>0x4830</load_address>
         <run_address>0x4830</run_address>
         <size>0xd0</size>
         <input_file_ref idref="fl-8"/>
      </object_component>
      <object_component id="oc-c9">
         <name>.text:xQueueGenericSendFromISR</name>
         <load_address>0x4900</load_address>
         <run_address>0x4900</run_address>
         <size>0xce</size>
         <input_file_ref idref="fl-6"/>
      </object_component>
      <object_component id="oc-42e">
         <name>.text:prvTestMasterTask</name>
         <load_address>0x49d0</load_address>
         <run_address>0x49d0</run_address>
         <size>0xcc</size>
         <input_file_ref idref="fl-17"/>
      </object_component>
      <object_component id="oc-76c">
         <name>.text:prvThreeParameterEchoCommand</name>
         <load_address>0x4aa0</load_address>
         <run_address>0x4aa0</run_address>
         <size>0xcc</size>
         <input_file_ref idref="fl-11"/>
      </object_component>
      <object_component id="oc-491">
         <name>.text:vCompetingMathTask4</name>
         <load_address>0x4b70</load_address>
         <run_address>0x4b70</run_address>
         <size>0xcc</size>
         <input_file_ref idref="fl-31"/>
      </object_component>
      <object_component id="oc-95b">
         <name>.text:vTaskGetRunTimeStats</name>
         <load_address>0x4c40</load_address>
         <run_address>0x4c40</run_address>
         <size>0xc8</size>
         <input_file_ref idref="fl-8"/>
      </object_component>
      <object_component id="oc-309">
         <name>.text:prvInitialiseNewTask</name>
         <load_address>0x4d08</load_address>
         <run_address>0x4d08</run_address>
         <size>0xc6</size>
         <input_file_ref idref="fl-8"/>
      </object_component>
      <object_component id="oc-3fb">
         <name>.text:prvSemaphoreTest</name>
         <load_address>0x4dd0</load_address>
         <run_address>0x4dd0</run_address>
         <size>0xc0</size>
         <input_file_ref idref="fl-30"/>
      </object_component>
      <object_component id="oc-2d8">
         <name>.text:vStartEventGroupTasks</name>
         <load_address>0x4e90</load_address>
         <run_address>0x4e90</run_address>
         <size>0xc0</size>
         <input_file_ref idref="fl-17"/>
      </object_component>
      <object_component id="oc-24b">
         <name>.text:xTaskPriorityDisinherit</name>
         <load_address>0x4f50</load_address>
         <run_address>0x4f50</run_address>
         <size>0xc0</size>
         <input_file_ref idref="fl-8"/>
      </object_component>
      <object_component id="oc-a2c">
         <name>.text:printi</name>
         <load_address>0x5010</load_address>
         <run_address>0x5010</run_address>
         <size>0xbe</size>
         <input_file_ref idref="fl-40"/>
      </object_component>
      <object_component id="oc-56a">
         <name>.text:vInitialiseTimerForIntQueueTest</name>
         <load_address>0x50d0</load_address>
         <run_address>0x50d0</run_address>
         <size>0xbc</size>
         <input_file_ref idref="fl-e"/>
      </object_component>
      <object_component id="oc-763">
         <name>.text:prvTaskStatsCommand</name>
         <load_address>0x5190</load_address>
         <run_address>0x5190</run_address>
         <size>0xb9</size>
         <input_file_ref idref="fl-11"/>
      </object_component>
      <object_component id="oc-19">
         <name>.text:decompress:rle24</name>
         <load_address>0x524a</load_address>
         <run_address>0x524a</run_address>
         <size>0x6</size>
         <input_file_ref idref="fl-fd"/>
      </object_component>
      <object_component id="oc-9d1">
         <name>.text:uxTaskGetSystemState</name>
         <load_address>0x5250</load_address>
         <run_address>0x5250</run_address>
         <size>0xb8</size>
         <input_file_ref idref="fl-8"/>
      </object_component>
      <object_component id="oc-48b">
         <name>.text:vCompetingMathTask3</name>
         <load_address>0x5308</load_address>
         <run_address>0x5308</run_address>
         <size>0xb8</size>
         <input_file_ref idref="fl-31"/>
      </object_component>
      <object_component id="oc-30f">
         <name>.text:prvAddNewTaskToReadyList</name>
         <load_address>0x53c0</load_address>
         <run_address>0x53c0</run_address>
         <size>0xb4</size>
         <input_file_ref idref="fl-8"/>
      </object_component>
      <object_component id="oc-689">
         <name>.text:prvResetStartConditionsForNextIteration</name>
         <load_address>0x5478</load_address>
         <run_address>0x5478</run_address>
         <size>0xb4</size>
         <input_file_ref idref="fl-26"/>
      </object_component>
      <object_component id="oc-4f">
         <name>.text:vUART_Handler</name>
         <load_address>0x5530</load_address>
         <run_address>0x5530</run_address>
         <size>0xb4</size>
         <input_file_ref idref="fl-14"/>
      </object_component>
      <object_component id="oc-3e2">
         <name>.text:prvRecursiveMutexControllingTask</name>
         <load_address>0x55e8</load_address>
         <run_address>0x55e8</run_address>
         <size>0xb0</size>
         <input_file_ref idref="fl-2f"/>
      </object_component>
      <object_component id="oc-846">
         <name>.text:xTaskPriorityInherit</name>
         <load_address>0x5698</load_address>
         <run_address>0x5698</run_address>
         <size>0xb0</size>
         <input_file_ref idref="fl-8"/>
      </object_component>
      <object_component id="oc-6a5">
         <name>.text:xEventGroupSetBits</name>
         <load_address>0x5748</load_address>
         <run_address>0x5748</run_address>
         <size>0xae</size>
         <input_file_ref idref="fl-4"/>
      </object_component>
      <object_component id="oc-774">
         <name>.text:prvParameterEchoCommand</name>
         <load_address>0x57f8</load_address>
         <run_address>0x57f8</run_address>
         <size>0xac</size>
         <input_file_ref idref="fl-11"/>
      </object_component>
      <object_component id="oc-671">
         <name>.text:prvTest3_CheckAutoReloadExpireRates</name>
         <load_address>0x58a8</load_address>
         <run_address>0x58a8</run_address>
         <size>0xa8</size>
         <input_file_ref idref="fl-26"/>
      </object_component>
      <object_component id="oc-77c">
         <name>.text:prvRunTimeStatsCommand</name>
         <load_address>0x5950</load_address>
         <run_address>0x5950</run_address>
         <size>0xa5</size>
         <input_file_ref idref="fl-11"/>
      </object_component>
      <object_component id="oc-39b">
         <name>.text:prv2ndHigherPriorityNormallyFullTask</name>
         <load_address>0x59f8</load_address>
         <run_address>0x59f8</run_address>
         <size>0xa4</size>
         <input_file_ref idref="fl-19"/>
      </object_component>
      <object_component id="oc-597">
         <name>.text:prvDecrementSemaphoreCount</name>
         <load_address>0x5aa0</load_address>
         <run_address>0x5aa0</run_address>
         <size>0xa4</size>
         <input_file_ref idref="fl-29"/>
      </object_component>
      <object_component id="oc-2c0">
         <name>.text:vStartGenericQueueTasks</name>
         <load_address>0x5b48</load_address>
         <run_address>0x5b48</run_address>
         <size>0xa4</size>
         <input_file_ref idref="fl-18"/>
      </object_component>
      <object_component id="oc-199">
         <name>.text:xQueueReceiveFromISR</name>
         <load_address>0x5bf0</load_address>
         <run_address>0x5bf0</run_address>
         <size>0x9e</size>
         <input_file_ref idref="fl-6"/>
      </object_component>
      <object_component id="oc-64">
         <name>.text</name>
         <load_address>0x5c8e</load_address>
         <run_address>0x5c8e</run_address>
         <size>0x9c</size>
         <input_file_ref idref="fl-103"/>
      </object_component>
      <object_component id="oc-47c">
         <name>.text:vCompetingMathTask1</name>
         <load_address>0x5d30</load_address>
         <run_address>0x5d30</run_address>
         <size>0x9c</size>
         <input_file_ref idref="fl-31"/>
      </object_component>
      <object_component id="oc-485">
         <name>.text:vCompetingMathTask2</name>
         <load_address>0x5dd0</load_address>
         <run_address>0x5dd0</run_address>
         <size>0x9c</size>
         <input_file_ref idref="fl-31"/>
      </object_component>
      <object_component id="oc-179">
         <name>.text:xTaskRemoveFromEventList</name>
         <load_address>0x5e70</load_address>
         <run_address>0x5e70</run_address>
         <size>0x9c</size>
         <input_file_ref idref="fl-8"/>
      </object_component>
      <object_component id="oc-8d6">
         <name>.text:vTaskRemoveFromUnorderedEventList</name>
         <load_address>0x5f10</load_address>
         <run_address>0x5f10</run_address>
         <size>0x98</size>
         <input_file_ref idref="fl-8"/>
      </object_component>
      <object_component id="oc-38d">
         <name>.text:prvLowerPriorityNormallyEmptyTask</name>
         <load_address>0x5fa8</load_address>
         <run_address>0x5fa8</run_address>
         <size>0x94</size>
         <input_file_ref idref="fl-19"/>
      </object_component>
      <object_component id="oc-3e8">
         <name>.text:prvRecursiveMutexBlockingTask</name>
         <load_address>0x6040</load_address>
         <run_address>0x6040</run_address>
         <size>0x94</size>
         <input_file_ref idref="fl-2f"/>
      </object_component>
      <object_component id="oc-9ef">
         <name>.text:prvSwitchTimerLists</name>
         <load_address>0x60d8</load_address>
         <run_address>0x60d8</run_address>
         <size>0x94</size>
         <input_file_ref idref="fl-9"/>
      </object_component>
      <object_component id="oc-606">
         <name>.text:xTaskCheckForTimeOut</name>
         <load_address>0x6170</load_address>
         <run_address>0x6170</run_address>
         <size>0x94</size>
         <input_file_ref idref="fl-8"/>
      </object_component>
      <object_component id="oc-81e">
         <name>.text:xQueueGenericReset</name>
         <load_address>0x6208</load_address>
         <run_address>0x6208</run_address>
         <size>0x90</size>
         <input_file_ref idref="fl-6"/>
      </object_component>
      <object_component id="oc-8e8">
         <name>.text:xTaskNotifyWait</name>
         <load_address>0x6298</load_address>
         <run_address>0x6298</run_address>
         <size>0x90</size>
         <input_file_ref idref="fl-8"/>
      </object_component>
      <object_component id="oc-a26">
         <name>.text:prints</name>
         <load_address>0x6328</load_address>
         <run_address>0x6328</run_address>
         <size>0x8e</size>
         <input_file_ref idref="fl-40"/>
      </object_component>
      <object_component id="oc-8fa">
         <name>.text:prvSuspendedTaskTimerTestCallback</name>
         <load_address>0x63b8</load_address>
         <run_address>0x63b8</run_address>
         <size>0x8c</size>
         <input_file_ref idref="fl-25"/>
      </object_component>
      <object_component id="oc-57c">
         <name>.text:vTaskResume</name>
         <load_address>0x6448</load_address>
         <run_address>0x6448</run_address>
         <size>0x8c</size>
         <input_file_ref idref="fl-8"/>
      </object_component>
      <object_component id="oc-589">
         <name>.text:eTaskGetState</name>
         <load_address>0x64d8</load_address>
         <run_address>0x64d8</run_address>
         <size>0x88</size>
         <input_file_ref idref="fl-8"/>
      </object_component>
      <object_component id="oc-534">
         <name>.text:prvAddCurrentTaskToDelayedList</name>
         <load_address>0x6560</load_address>
         <run_address>0x6560</run_address>
         <size>0x88</size>
         <input_file_ref idref="fl-8"/>
      </object_component>
      <object_component id="oc-303">
         <name>.text:vPortFree</name>
         <load_address>0x65e8</load_address>
         <run_address>0x65e8</run_address>
         <size>0x88</size>
         <input_file_ref idref="fl-c"/>
      </object_component>
      <object_component id="oc-1e5">
         <name>.text:vTaskStartScheduler</name>
         <load_address>0x6670</load_address>
         <run_address>0x6670</run_address>
         <size>0x88</size>
         <input_file_ref idref="fl-8"/>
      </object_component>
      <object_component id="oc-2ae">
         <name>.text:xSerialPortInitMinimal</name>
         <load_address>0x66f8</load_address>
         <run_address>0x66f8</run_address>
         <size>0x88</size>
         <input_file_ref idref="fl-14"/>
      </object_component>
      <object_component id="oc-71e">
         <name>.text:__aeabi_cdrcmple</name>
         <load_address>0x6780</load_address>
         <run_address>0x6780</run_address>
         <size>0x86</size>
         <input_file_ref idref="fl-100"/>
      </object_component>
      <object_component id="oc-3a1">
         <name>.text:prvLowerPriorityNormallyFullTask</name>
         <load_address>0x6808</load_address>
         <run_address>0x6808</run_address>
         <size>0x84</size>
         <input_file_ref idref="fl-19"/>
      </object_component>
      <object_component id="oc-66b">
         <name>.text:prvTest2_CheckTaskAndTimersInitialState</name>
         <load_address>0x6890</load_address>
         <run_address>0x6890</run_address>
         <size>0x84</size>
         <input_file_ref idref="fl-26"/>
      </object_component>
      <object_component id="oc-328">
         <name>.text:prvIdleTask</name>
         <load_address>0x6918</load_address>
         <run_address>0x6918</run_address>
         <size>0x7c</size>
         <input_file_ref idref="fl-8"/>
      </object_component>
      <object_component id="oc-5a3">
         <name>.text:prvIncrementSemaphoreCount</name>
         <load_address>0x6998</load_address>
         <run_address>0x6998</run_address>
         <size>0x7c</size>
         <input_file_ref idref="fl-29"/>
      </object_component>
      <object_component id="oc-2ba">
         <name>.text:vStartCountingSemaphoreTasks</name>
         <load_address>0x6a18</load_address>
         <run_address>0x6a18</run_address>
         <size>0x7c</size>
         <input_file_ref idref="fl-29"/>
      </object_component>
      <object_component id="oc-7d">
         <name>.text</name>
         <load_address>0x6a94</load_address>
         <run_address>0x6a94</run_address>
         <size>0x7a</size>
         <input_file_ref idref="fl-104"/>
      </object_component>
      <object_component id="oc-4bb">
         <name>.text:prvHeapInit</name>
         <load_address>0x6b10</load_address>
         <run_address>0x6b10</run_address>
         <size>0x78</size>
         <input_file_ref idref="fl-c"/>
      </object_component>
      <object_component id="oc-41b">
         <name>.text:prvTimerTestTask</name>
         <load_address>0x6b88</load_address>
         <run_address>0x6b88</run_address>
         <size>0x78</size>
         <input_file_ref idref="fl-26"/>
      </object_component>
      <object_component id="oc-2c6">
         <name>.text:vStartRecursiveMutexTasks</name>
         <load_address>0x6c00</load_address>
         <run_address>0x6c00</run_address>
         <size>0x78</size>
         <input_file_ref idref="fl-2f"/>
      </object_component>
      <object_component id="oc-a51">
         <name>.text:vTaskGetInfo</name>
         <load_address>0x6c78</load_address>
         <run_address>0x6c78</run_address>
         <size>0x74</size>
         <input_file_ref idref="fl-8"/>
      </object_component>
      <object_component id="oc-645">
         <name>.text:xTimerGenericCommand</name>
         <load_address>0x6cf0</load_address>
         <run_address>0x6cf0</run_address>
         <size>0x74</size>
         <input_file_ref idref="fl-9"/>
      </object_component>
      <object_component id="oc-173">
         <name>.text:prvCopyDataToQueue</name>
         <load_address>0x6d68</load_address>
         <run_address>0x6d68</run_address>
         <size>0x70</size>
         <input_file_ref idref="fl-6"/>
      </object_component>
      <object_component id="oc-4f2">
         <name>.text:prvInitialiseTaskLists</name>
         <load_address>0x6dd8</load_address>
         <run_address>0x6dd8</run_address>
         <size>0x70</size>
         <input_file_ref idref="fl-8"/>
      </object_component>
      <object_component id="oc-7c5">
         <name>.text:prvProcessTimerOrBlockTask</name>
         <load_address>0x6e48</load_address>
         <run_address>0x6e48</run_address>
         <size>0x70</size>
         <input_file_ref idref="fl-9"/>
      </object_component>
      <object_component id="oc-95">
         <name>.text</name>
         <load_address>0x6eb8</load_address>
         <run_address>0x6eb8</run_address>
         <size>0x70</size>
         <input_file_ref idref="fl-111"/>
      </object_component>
      <object_component id="oc-513">
         <name>.text:vPortSetupTimerInterrupt</name>
         <load_address>0x6f28</load_address>
         <run_address>0x6f28</run_address>
         <size>0x70</size>
         <input_file_ref idref="fl-a"/>
      </object_component>
      <object_component id="oc-60c">
         <name>.text:prvUnlockQueue</name>
         <load_address>0x6f98</load_address>
         <run_address>0x6f98</run_address>
         <size>0x6c</size>
         <input_file_ref idref="fl-6"/>
      </object_component>
      <object_component id="oc-738">
         <name>.text:vSerialPutString</name>
         <load_address>0x7008</load_address>
         <run_address>0x7008</run_address>
         <size>0x6c</size>
         <input_file_ref idref="fl-14"/>
      </object_component>
      <object_component id="oc-a1e">
         <name>.text:prvListTasksWithinSingleList</name>
         <load_address>0x7078</load_address>
         <run_address>0x7078</run_address>
         <size>0x6a</size>
         <input_file_ref idref="fl-8"/>
      </object_component>
      <object_component id="oc-70">
         <name>.text</name>
         <load_address>0x70e2</load_address>
         <run_address>0x70e2</run_address>
         <size>0x6a</size>
         <input_file_ref idref="fl-fd"/>
      </object_component>
      <object_component id="oc-ab">
         <name>.text:SystemInit</name>
         <load_address>0x7150</load_address>
         <run_address>0x7150</run_address>
         <size>0x68</size>
         <input_file_ref idref="fl-41"/>
      </object_component>
      <object_component id="oc-4c1">
         <name>.text:prvInsertBlockIntoFreeList</name>
         <load_address>0x71b8</load_address>
         <run_address>0x71b8</run_address>
         <size>0x68</size>
         <input_file_ref idref="fl-c"/>
      </object_component>
      <object_component id="oc-6ed">
         <name>.text:ulTaskNotifyTake</name>
         <load_address>0x7220</load_address>
         <run_address>0x7220</run_address>
         <size>0x68</size>
         <input_file_ref idref="fl-8"/>
      </object_component>
      <object_component id="oc-1df">
         <name>.text:xTaskCreate</name>
         <load_address>0x7288</load_address>
         <run_address>0x7288</run_address>
         <size>0x68</size>
         <input_file_ref idref="fl-8"/>
      </object_component>
      <object_component id="oc-16d">
         <name>.text:vPortValidateInterruptPriority</name>
         <load_address>0x72f0</load_address>
         <run_address>0x72f0</run_address>
         <size>0x64</size>
         <input_file_ref idref="fl-a"/>
      </object_component>
      <object_component id="oc-744">
         <name>.text:xSerialPutChar</name>
         <load_address>0x7358</load_address>
         <run_address>0x7358</run_address>
         <size>0x64</size>
         <input_file_ref idref="fl-14"/>
      </object_component>
      <object_component id="oc-946">
         <name>.text:FreeRTOS_CLIGetParameter</name>
         <load_address>0x73c0</load_address>
         <run_address>0x73c0</run_address>
         <size>0x60</size>
         <input_file_ref idref="fl-d"/>
      </object_component>
      <object_component id="oc-4a2">
         <name>.text:FreeRTOS_CLIRegisterCommand</name>
         <load_address>0x7420</load_address>
         <run_address>0x7420</run_address>
         <size>0x60</size>
         <input_file_ref idref="fl-d"/>
      </object_component>
      <object_component id="oc-97e">
         <name>.text:prvProcessExpiredTimer</name>
         <load_address>0x7480</load_address>
         <run_address>0x7480</run_address>
         <size>0x60</size>
         <input_file_ref idref="fl-9"/>
      </object_component>
      <object_component id="oc-8c8">
         <name>.text:vTaskPlaceOnUnorderedEventList</name>
         <load_address>0x74e0</load_address>
         <run_address>0x74e0</run_address>
         <size>0x5c</size>
         <input_file_ref idref="fl-8"/>
      </object_component>
      <object_component id="oc-526">
         <name>.text:prvCheckTasksWaitingTermination</name>
         <load_address>0x7540</load_address>
         <run_address>0x7540</run_address>
         <size>0x58</size>
         <input_file_ref idref="fl-8"/>
      </object_component>
      <object_component id="oc-2d2">
         <name>.text:vStartTimerDemoTask</name>
         <load_address>0x7598</load_address>
         <run_address>0x7598</run_address>
         <size>0x58</size>
         <input_file_ref idref="fl-26"/>
      </object_component>
      <object_component id="oc-316">
         <name>.text:xTimerCreateTimerTask</name>
         <load_address>0x75f0</load_address>
         <run_address>0x75f0</run_address>
         <size>0x58</size>
         <input_file_ref idref="fl-9"/>
      </object_component>
      <object_component id="oc-295">
         <name>.text:GPIO_setAsPeripheralModuleFunctionInputPin</name>
         <load_address>0x7648</load_address>
         <run_address>0x7648</run_address>
         <size>0x54</size>
         <input_file_ref idref="fl-38"/>
      </object_component>
      <object_component id="oc-a40">
         <name>.text:_CSGetDOCFrequency</name>
         <load_address>0x76a0</load_address>
         <run_address>0x76a0</run_address>
         <size>0x54</size>
         <input_file_ref idref="fl-35"/>
      </object_component>
      <object_component id="oc-985">
         <name>.text:prvInsertTimerInActiveList</name>
         <load_address>0x76f8</load_address>
         <run_address>0x76f8</run_address>
         <size>0x54</size>
         <input_file_ref idref="fl-9"/>
      </object_component>
      <object_component id="oc-3c4">
         <name>.text:prvLowPriorityMutexTask</name>
         <load_address>0x7750</load_address>
         <run_address>0x7750</run_address>
         <size>0x54</size>
         <input_file_ref idref="fl-18"/>
      </object_component>
      <object_component id="oc-25">
         <name>.text</name>
         <load_address>0x77a4</load_address>
         <run_address>0x77a4</run_address>
         <size>0x54</size>
         <input_file_ref idref="fl-fb"/>
      </object_component>
      <object_component id="oc-a1">
         <name>.text</name>
         <load_address>0x77f8</load_address>
         <run_address>0x77f8</run_address>
         <size>0x54</size>
         <input_file_ref idref="fl-ff"/>
      </object_component>
      <object_component id="oc-335">
         <name>.text:vTaskDelay</name>
         <load_address>0x7850</load_address>
         <run_address>0x7850</run_address>
         <size>0x54</size>
         <input_file_ref idref="fl-8"/>
      </object_component>
      <object_component id="oc-6ab">
         <name>.text:xEventGroupClearBits</name>
         <load_address>0x78a8</load_address>
         <run_address>0x78a8</run_address>
         <size>0x54</size>
         <input_file_ref idref="fl-4"/>
      </object_component>
      <object_component id="oc-9fe">
         <name>.text:_CSGetDividerValue</name>
         <load_address>0x7900</load_address>
         <run_address>0x7900</run_address>
         <size>0x52</size>
         <input_file_ref idref="fl-35"/>
      </object_component>
      <object_component id="oc-80b">
         <name>.text:PCM_getCoreVoltageLevel</name>
         <load_address>0x7958</load_address>
         <run_address>0x7958</run_address>
         <size>0x50</size>
         <input_file_ref idref="fl-3a"/>
      </object_component>
      <object_component id="oc-51a">
         <name>.text:prvGetExpectedIdleTime</name>
         <load_address>0x79a8</load_address>
         <run_address>0x79a8</run_address>
         <size>0x50</size>
         <input_file_ref idref="fl-8"/>
      </object_component>
      <object_component id="oc-3d3">
         <name>.text:prvHighPriorityMutexTask</name>
         <load_address>0x79f8</load_address>
         <run_address>0x79f8</run_address>
         <size>0x50</size>
         <input_file_ref idref="fl-18"/>
      </object_component>
      <object_component id="oc-a46">
         <name>.text:SysCtl_getTLVInfo</name>
         <load_address>0x7a48</load_address>
         <run_address>0x7a48</run_address>
         <size>0x4c</size>
         <input_file_ref idref="fl-3b"/>
      </object_component>
      <object_component id="oc-1d9">
         <name>.text:main_full</name>
         <load_address>0x7a98</load_address>
         <run_address>0x7a98</run_address>
         <size>0x4c</size>
         <input_file_ref idref="fl-13"/>
      </object_component>
      <object_component id="oc-4ff">
         <name>.text:prvCheckForValidListAndQueue</name>
         <load_address>0x7ae8</load_address>
         <run_address>0x7ae8</run_address>
         <size>0x4c</size>
         <input_file_ref idref="fl-9"/>
      </object_component>
      <object_component id="oc-68f">
         <name>.text:prvOneShotTimerCallback</name>
         <load_address>0x7b38</load_address>
         <run_address>0x7b38</run_address>
         <size>0x4c</size>
         <input_file_ref idref="fl-26"/>
      </object_component>
      <object_component id="oc-11a">
         <name>.text</name>
         <load_address>0x7b84</load_address>
         <run_address>0x7b84</run_address>
         <size>0x4c</size>
         <input_file_ref idref="fl-112"/>
      </object_component>
      <object_component id="oc-6ca">
         <name>.text:vEventGroupDelete</name>
         <load_address>0x7bd0</load_address>
         <run_address>0x7bd0</run_address>
         <size>0x4c</size>
         <input_file_ref idref="fl-4"/>
      </object_component>
      <object_component id="oc-376">
         <name>.text:xQueueGenericCreate</name>
         <load_address>0x7c20</load_address>
         <run_address>0x7c20</run_address>
         <size>0x4c</size>
         <input_file_ref idref="fl-6"/>
      </object_component>
      <object_component id="oc-5e4">
         <name>.text:xQueueTakeMutexRecursive</name>
         <load_address>0x7c70</load_address>
         <run_address>0x7c70</run_address>
         <size>0x4c</size>
         <input_file_ref idref="fl-6"/>
      </object_component>
      <object_component id="oc-2a8">
         <name>.text:prvConfigureClocks</name>
         <load_address>0x7cc0</load_address>
         <run_address>0x7cc0</run_address>
         <size>0x4a</size>
         <input_file_ref idref="fl-13"/>
      </object_component>
      <object_component id="oc-978">
         <name>.text:vQueueWaitForMessageRestricted</name>
         <load_address>0x7d10</load_address>
         <run_address>0x7d10</run_address>
         <size>0x48</size>
         <input_file_ref idref="fl-6"/>
      </object_component>
      <object_component id="oc-2f0">
         <name>.text:vUARTCommandConsoleStart</name>
         <load_address>0x7d58</load_address>
         <run_address>0x7d58</run_address>
         <size>0x48</size>
         <input_file_ref idref="fl-12"/>
      </object_component>
      <object_component id="oc-88e">
         <name>.text:prvInitialiseNewTimer</name>
         <load_address>0x7da0</load_address>
         <run_address>0x7da0</run_address>
         <size>0x46</size>
         <input_file_ref idref="fl-9"/>
      </object_component>
      <object_component id="oc-64b">
         <name>.text:prvAutoReloadTimerCallback</name>
         <load_address>0x7de8</load_address>
         <run_address>0x7de8</run_address>
         <size>0x44</size>
         <input_file_ref idref="fl-26"/>
      </object_component>
      <object_component id="oc-3b1">
         <name>.text:prvCountingSemaphoreTask</name>
         <load_address>0x7e30</load_address>
         <run_address>0x7e30</run_address>
         <size>0x44</size>
         <input_file_ref idref="fl-29"/>
      </object_component>
      <object_component id="oc-6d7">
         <name>.text:prvSelectiveBitsTestSlaveFunction</name>
         <load_address>0x7e78</load_address>
         <run_address>0x7e78</run_address>
         <size>0x44</size>
         <input_file_ref idref="fl-17"/>
      </object_component>
      <object_component id="oc-4ec">
         <name>.text:vPortEnterCritical</name>
         <load_address>0x7ec0</load_address>
         <run_address>0x7ec0</run_address>
         <size>0x44</size>
         <input_file_ref idref="fl-a"/>
      </object_component>
      <object_component id="oc-3a8">
         <name>.text:xQueueCreateCountingSemaphore</name>
         <load_address>0x7f08</load_address>
         <run_address>0x7f08</run_address>
         <size>0x44</size>
         <input_file_ref idref="fl-6"/>
      </object_component>
      <object_component id="oc-5de">
         <name>.text:xQueueGiveMutexRecursive</name>
         <load_address>0x7f50</load_address>
         <run_address>0x7f50</run_address>
         <size>0x44</size>
         <input_file_ref idref="fl-6"/>
      </object_component>
      <object_component id="oc-128">
         <name>.text:main</name>
         <load_address>0x7f98</load_address>
         <run_address>0x7f98</run_address>
         <size>0x40</size>
         <input_file_ref idref="fl-2"/>
      </object_component>
      <object_component id="oc-a59">
         <name>.text</name>
         <load_address>0x7fd8</load_address>
         <run_address>0x7fd8</run_address>
         <size>0x40</size>
         <input_file_ref idref="fl-10e"/>
      </object_component>
      <object_component id="oc-147">
         <name>.text:ulGetRunTimeCounterValue</name>
         <load_address>0x8018</load_address>
         <run_address>0x8018</run_address>
         <size>0x40</size>
         <input_file_ref idref="fl-10"/>
      </object_component>
      <object_component id="oc-9f5">
         <name>.text:vTaskPlaceOnEventListRestricted</name>
         <load_address>0x8058</load_address>
         <run_address>0x8058</run_address>
         <size>0x40</size>
         <input_file_ref idref="fl-8"/>
      </object_component>
      <object_component id="oc-7da">
         <name>.text:eTaskConfirmSleepModeStatus</name>
         <load_address>0x8098</load_address>
         <run_address>0x8098</run_address>
         <size>0x3c</size>
         <input_file_ref idref="fl-8"/>
      </object_component>
      <object_component id="oc-835">
         <name>.text:prvTaskIsTaskSuspended</name>
         <load_address>0x80d8</load_address>
         <run_address>0x80d8</run_address>
         <size>0x3c</size>
         <input_file_ref idref="fl-8"/>
      </object_component>
      <object_component id="oc-469">
         <name>.text:vInterruptMutexSlaveTask</name>
         <load_address>0x8118</load_address>
         <run_address>0x8118</run_address>
         <size>0x3c</size>
         <input_file_ref idref="fl-1a"/>
      </object_component>
      <object_component id="oc-805">
         <name>.text:PCM_getPowerMode</name>
         <load_address>0x8158</load_address>
         <run_address>0x8158</run_address>
         <size>0x3a</size>
         <input_file_ref idref="fl-3a"/>
      </object_component>
      <object_component id="oc-79a">
         <name>.text:prvTaskExitError</name>
         <load_address>0x8198</load_address>
         <run_address>0x8198</run_address>
         <size>0x38</size>
         <input_file_ref idref="fl-a"/>
      </object_component>
      <object_component id="oc-719">
         <name>.text</name>
         <load_address>0x81d0</load_address>
         <run_address>0x81d0</run_address>
         <size>0x38</size>
         <input_file_ref idref="fl-101"/>
      </object_component>
      <object_component id="oc-2de">
         <name>.text:vStartTaskNotifyTask</name>
         <load_address>0x8208</load_address>
         <run_address>0x8208</run_address>
         <size>0x38</size>
         <input_file_ref idref="fl-25"/>
      </object_component>
      <object_component id="oc-55">
         <name>.text:vT32_0_Handler</name>
         <load_address>0x8240</load_address>
         <run_address>0x8240</run_address>
         <size>0x38</size>
         <input_file_ref idref="fl-e"/>
      </object_component>
      <object_component id="oc-5b">
         <name>.text:vT32_1_Handler</name>
         <load_address>0x8278</load_address>
         <run_address>0x8278</run_address>
         <size>0x38</size>
         <input_file_ref idref="fl-e"/>
      </object_component>
      <object_component id="oc-618">
         <name>.text:vTaskPlaceOnEventList</name>
         <load_address>0x82b0</load_address>
         <run_address>0x82b0</run_address>
         <size>0x38</size>
         <input_file_ref idref="fl-8"/>
      </object_component>
      <object_component id="oc-a1a">
         <name>.text:prvHelpCommand</name>
         <load_address>0x82e8</load_address>
         <run_address>0x82e8</run_address>
         <size>0x34</size>
         <input_file_ref idref="fl-d"/>
      </object_component>
      <object_component id="oc-7f5">
         <name>.text:vListInsert</name>
         <load_address>0x8320</load_address>
         <run_address>0x8320</run_address>
         <size>0x34</size>
         <input_file_ref idref="fl-5"/>
      </object_component>
      <object_component id="oc-7e6">
         <name>.text:vTaskStepTick</name>
         <load_address>0x8358</load_address>
         <run_address>0x8358</run_address>
         <size>0x34</size>
         <input_file_ref idref="fl-8"/>
      </object_component>
      <object_component id="oc-8f4">
         <name>.text:xTaskNotifyStateClear</name>
         <load_address>0x8390</load_address>
         <run_address>0x8390</run_address>
         <size>0x34</size>
         <input_file_ref idref="fl-8"/>
      </object_component>
      <object_component id="oc-8af">
         <name>.text:xTimerIsTimerActive</name>
         <load_address>0x83c8</load_address>
         <run_address>0x83c8</run_address>
         <size>0x34</size>
         <input_file_ref idref="fl-9"/>
      </object_component>
      <object_component id="oc-35d">
         <name>.text:FlashCtl_setWaitState</name>
         <load_address>0x8400</load_address>
         <run_address>0x8400</run_address>
         <size>0x30</size>
         <input_file_ref idref="fl-36"/>
      </object_component>
      <object_component id="oc-157">
         <name>.text:prvResetNextTaskUnblockTime</name>
         <load_address>0x8430</load_address>
         <run_address>0x8430</run_address>
         <size>0x30</size>
         <input_file_ref idref="fl-8"/>
      </object_component>
      <object_component id="oc-1d3">
         <name>.text:prvSetupHardware</name>
         <load_address>0x8460</load_address>
         <run_address>0x8460</run_address>
         <size>0x30</size>
         <input_file_ref idref="fl-2"/>
      </object_component>
      <object_component id="oc-922">
         <name>.text</name>
         <load_address>0x8490</load_address>
         <run_address>0x8490</run_address>
         <size>0x30</size>
         <input_file_ref idref="fl-10d"/>
      </object_component>
      <object_component id="oc-46f">
         <name>.text:vInterruptMutexMasterTask</name>
         <load_address>0x84c0</load_address>
         <run_address>0x84c0</run_address>
         <size>0x30</size>
         <input_file_ref idref="fl-1a"/>
      </object_component>
      <object_component id="oc-4f8">
         <name>.text:vPortExitCritical</name>
         <load_address>0x84f0</load_address>
         <run_address>0x84f0</run_address>
         <size>0x30</size>
         <input_file_ref idref="fl-a"/>
      </object_component>
      <object_component id="oc-91c">
         <name>.text:prvGetNumberOfParameters</name>
         <load_address>0x8520</load_address>
         <run_address>0x8520</run_address>
         <size>0x2e</size>
         <input_file_ref idref="fl-d"/>
      </object_component>
      <object_component id="oc-62d">
         <name>.text:xTimerCreate</name>
         <load_address>0x8550</load_address>
         <run_address>0x8550</run_address>
         <size>0x2e</size>
         <input_file_ref idref="fl-9"/>
      </object_component>
      <object_component id="oc-369">
         <name>.text:CS_setDCOCenteredFrequency</name>
         <load_address>0x8580</load_address>
         <run_address>0x8580</run_address>
         <size>0x2c</size>
         <input_file_ref idref="fl-35"/>
      </object_component>
      <object_component id="oc-6f3">
         <name>.text:prvNotifyingTimer</name>
         <load_address>0x85b0</load_address>
         <run_address>0x85b0</run_address>
         <size>0x2c</size>
         <input_file_ref idref="fl-25"/>
      </object_component>
      <object_component id="oc-976">
         <name>.text:prvSampleTimeNow</name>
         <load_address>0x85e0</load_address>
         <run_address>0x85e0</run_address>
         <size>0x2c</size>
         <input_file_ref idref="fl-9"/>
      </object_component>
      <object_component id="oc-8a4">
         <name>.text:pvTimerGetTimerID</name>
         <load_address>0x8610</load_address>
         <run_address>0x8610</run_address>
         <size>0x2c</size>
         <input_file_ref idref="fl-9"/>
      </object_component>
      <object_component id="oc-4e5">
         <name>.text:pxPortInitialiseStack</name>
         <load_address>0x8640</load_address>
         <run_address>0x8640</run_address>
         <size>0x2c</size>
         <input_file_ref idref="fl-a"/>
      </object_component>
      <object_component id="oc-5b7">
         <name>.text:uxQueueMessagesWaiting</name>
         <load_address>0x8670</load_address>
         <run_address>0x8670</run_address>
         <size>0x2c</size>
         <input_file_ref idref="fl-6"/>
      </object_component>
      <object_component id="oc-712">
         <name>.text:uxQueueSpacesAvailable</name>
         <load_address>0x86a0</load_address>
         <run_address>0x86a0</run_address>
         <size>0x2c</size>
         <input_file_ref idref="fl-6"/>
      </object_component>
      <object_component id="oc-2f6">
         <name>.text:vRegisterSampleCLICommands</name>
         <load_address>0x86d0</load_address>
         <run_address>0x86d0</run_address>
         <size>0x2c</size>
         <input_file_ref idref="fl-11"/>
      </object_component>
      <object_component id="oc-8bb">
         <name>.text:vTimerSetTimerID</name>
         <load_address>0x8700</load_address>
         <run_address>0x8700</run_address>
         <size>0x2c</size>
         <input_file_ref idref="fl-9"/>
      </object_component>
      <object_component id="oc-49">
         <name>.text:xPortSysTickHandler</name>
         <load_address>0x8730</load_address>
         <run_address>0x8730</run_address>
         <size>0x2c</size>
         <input_file_ref idref="fl-a"/>
      </object_component>
      <object_component id="oc-1a5">
         <name>.text:xQueueIsQueueFullFromISR</name>
         <load_address>0x8760</load_address>
         <run_address>0x8760</run_address>
         <size>0x2c</size>
         <input_file_ref idref="fl-6"/>
      </object_component>
      <object_component id="oc-a0a">
         <name>.text:CS_clearInterruptFlag</name>
         <load_address>0x8790</load_address>
         <run_address>0x8790</run_address>
         <size>0x28</size>
         <input_file_ref idref="fl-35"/>
      </object_component>
      <object_component id="oc-263">
         <name>.text:prvCopyDataFromQueue</name>
         <load_address>0x87b8</load_address>
         <run_address>0x87b8</run_address>
         <size>0x28</size>
         <input_file_ref idref="fl-6"/>
      </object_component>
      <object_component id="oc-9d7">
         <name>.text:prvWriteNameToBuffer</name>
         <load_address>0x87e0</load_address>
         <run_address>0x87e0</run_address>
         <size>0x28</size>
         <input_file_ref idref="fl-8"/>
      </object_component>
      <object_component id="oc-952">
         <name>.text</name>
         <load_address>0x8808</load_address>
         <run_address>0x8808</run_address>
         <size>0x28</size>
         <input_file_ref idref="fl-10b"/>
      </object_component>
      <object_component id="oc-94c">
         <name>.text:sprintf</name>
         <load_address>0x8830</load_address>
         <run_address>0x8830</run_address>
         <size>0x28</size>
         <input_file_ref idref="fl-40"/>
      </object_component>
      <object_component id="oc-916">
         <name>.text</name>
         <load_address>0x8858</load_address>
         <run_address>0x8858</run_address>
         <size>0x26</size>
         <input_file_ref idref="fl-10c"/>
      </object_component>
      <object_component id="oc-15d">
         <name>.text:uxListRemove</name>
         <load_address>0x8880</load_address>
         <run_address>0x8880</run_address>
         <size>0x26</size>
         <input_file_ref idref="fl-5"/>
      </object_component>
      <object_component id="oc-a32">
         <name>.text:printchar</name>
         <load_address>0x88a8</load_address>
         <run_address>0x88a8</run_address>
         <size>0x24</size>
         <input_file_ref idref="fl-40"/>
      </object_component>
      <object_component id="oc-7bf">
         <name>.text:prvGetNextExpireTime</name>
         <load_address>0x88d0</load_address>
         <run_address>0x88d0</run_address>
         <size>0x24</size>
         <input_file_ref idref="fl-9"/>
      </object_component>
      <object_component id="oc-31c">
         <name>.text:vConfigureTimerForRunTimeStats</name>
         <load_address>0x88f8</load_address>
         <run_address>0x88f8</run_address>
         <size>0x24</size>
         <input_file_ref idref="fl-10"/>
      </object_component>
      <object_component id="oc-2a1">
         <name>.text:GPIO_setAsOutputPin</name>
         <load_address>0x8920</load_address>
         <run_address>0x8920</run_address>
         <size>0x20</size>
         <input_file_ref idref="fl-38"/>
      </object_component>
      <object_component id="oc-456">
         <name>.text:prvRand</name>
         <load_address>0x8940</load_address>
         <run_address>0x8940</run_address>
         <size>0x20</size>
         <input_file_ref idref="fl-25"/>
      </object_component>
      <object_component id="oc-1b5">
         <name>.text:prvRecordValue_NormallyEmpty</name>
         <load_address>0x8960</load_address>
         <run_address>0x8960</run_address>
         <size>0x20</size>
         <input_file_ref idref="fl-19"/>
      </object_component>
      <object_component id="oc-19f">
         <name>.text:prvRecordValue_NormallyFull</name>
         <load_address>0x8980</load_address>
         <run_address>0x8980</run_address>
         <size>0x20</size>
         <input_file_ref idref="fl-19"/>
      </object_component>
      <object_component id="oc-5fa">
         <name>.text:xTaskGetSchedulerState</name>
         <load_address>0x89a0</load_address>
         <run_address>0x89a0</run_address>
         <size>0x20</size>
         <input_file_ref idref="fl-8"/>
      </object_component>
      <object_component id="oc-560">
         <name>.text:prvInitialiseNewQueue</name>
         <load_address>0x89c0</load_address>
         <run_address>0x89c0</run_address>
         <size>0x1e</size>
         <input_file_ref idref="fl-6"/>
      </object_component>
      <object_component id="oc-612">
         <name>.text:prvIsQueueFull</name>
         <load_address>0x89e0</load_address>
         <run_address>0x89e0</run_address>
         <size>0x1e</size>
         <input_file_ref idref="fl-6"/>
      </object_component>
      <object_component id="oc-692">
         <name>.text:vListInitialise</name>
         <load_address>0x8a00</load_address>
         <run_address>0x8a00</run_address>
         <size>0x1e</size>
         <input_file_ref idref="fl-5"/>
      </object_component>
      <object_component id="oc-633">
         <name>.text:pcTimerGetName</name>
         <load_address>0x8a20</load_address>
         <run_address>0x8a20</run_address>
         <size>0x1c</size>
         <input_file_ref idref="fl-9"/>
      </object_component>
      <object_component id="oc-3cd">
         <name>.text:prvMediumPriorityMutexTask</name>
         <load_address>0x8a40</load_address>
         <run_address>0x8a40</run_address>
         <size>0x1c</size>
         <input_file_ref idref="fl-18"/>
      </object_component>
      <object_component id="oc-8c2">
         <name>.text:prvTestWaitCondition</name>
         <load_address>0x8a60</load_address>
[...]
         <value>0x83c9</value>
         <object_component_ref idref="oc-8af"/>
      </symbol>
      <symbol id="sm-84f">
         <name>xTimerCreate</name>
         <value>0x8551</value>
         <object_component_ref idref="oc-62d"/>
      </symbol>
      <symbol id="sm-850">
         <name>xTimerGenericCommand</name>
         <value>0x6cf1</value>
         <object_component_ref idref="oc-645"/>
      </symbol>
      <symbol id="sm-851">
         <name>pvTimerGetTimerID</name>
         <value>0x8611</value>
         <object_component_ref idref="oc-8a4"/>
      </symbol>
      <symbol id="sm-852">
         <name>vTimerSetTimerID</name>
         <value>0x8701</value>
         <object_component_ref idref="oc-8bb"/>
      </symbol>
      <symbol id="sm-8fa">
         <name>ulMaxSyscallInterruptPriority</name>
         <value>0x90f4</value>
         <object_component_ref idref="oc-b8"/>
      </symbol>
      <symbol id="sm-8fb">
         <name>vPortSetupTimerInterrupt</name>
         <value>0x6f29</value>
         <object_component_ref idref="oc-513"/>
      </symbol>
      <symbol id="sm-8fc">
         <name>vPortSuppressTicksAndSleep</name>
         <value>0x2621</value>
         <object_component_ref idref="oc-520"/>
      </symbol>
      <symbol id="sm-8fd">
         <name>xPortSysTickHandler</name>
         <value>0x8731</value>
         <object_component_ref idref="oc-49"/>
      </symbol>
      <symbol id="sm-8fe">
         <name>vPortValidateInterruptPriority</name>
         <value>0x72f1</value>
         <object_component_ref idref="oc-16d"/>
      </symbol>
      <symbol id="sm-8ff">
         <name>pxPortInitialiseStack</name>
         <value>0x8641</value>
         <object_component_ref idref="oc-4e5"/>
      </symbol>
      <symbol id="sm-900">
         <name>vPortExitCritical</name>
         <value>0x84f1</value>
         <object_component_ref idref="oc-4f8"/>
      </symbol>
      <symbol id="sm-901">
         <name>xPortStartScheduler</name>
         <value>0x4321</value>
         <object_component_ref idref="oc-322"/>
      </symbol>
      <symbol id="sm-902">
         <name>vPortEnterCritical</name>
         <value>0x7ec1</value>
         <object_component_ref idref="oc-4ec"/>
      </symbol>
      <symbol id="sm-911">
         <name>vPortStartFirstTask</name>
         <value>0x44a5</value>
         <object_component_ref idref="oc-44"/>
      </symbol>
      <symbol id="sm-912">
         <name>ulPortGetIPSR</name>
         <value>0x440d</value>
         <object_component_ref idref="oc-44"/>
      </symbol>
      <symbol id="sm-913">
         <name>vPortEnableVFP</name>
         <value>0x44c9</value>
         <object_component_ref idref="oc-44"/>
      </symbol>
      <symbol id="sm-914">
         <name>xPortPendSVHandler</name>
         <value>0x4425</value>
         <object_component_ref idref="oc-44"/>
      </symbol>
      <symbol id="sm-915">
         <name>vPortSVCHandler</name>
         <value>0x4485</value>
         <object_component_ref idref="oc-44"/>
      </symbol>
      <symbol id="sm-994">
         <name>pvPortMalloc</name>
         <value>0x24e9</value>
         <object_component_ref idref="oc-2fd"/>
      </symbol>
      <symbol id="sm-995">
         <name>vPortFree</name>
         <value>0x65e9</value>
         <object_component_ref idref="oc-303"/>
      </symbol>
      <symbol id="sm-a20">
         <name>FreeRTOS_CLIProcessCommand</name>
         <value>0x18d9</value>
         <object_component_ref idref="oc-750"/>
      </symbol>
      <symbol id="sm-a21">
         <name>FreeRTOS_CLIGetParameter</name>
         <value>0x73c1</value>
         <object_component_ref idref="oc-946"/>
      </symbol>
      <symbol id="sm-a22">
         <name>FreeRTOS_CLIGetOutputBuffer</name>
         <value>0x8db9</value>
         <object_component_ref idref="oc-72c"/>
      </symbol>
      <symbol id="sm-a23">
         <name>FreeRTOS_CLIRegisterCommand</name>
         <value>0x7421</value>
         <object_component_ref idref="oc-4a2"/>
      </symbol>
      <symbol id="sm-a4c">
         <name>vT32_1_Handler</name>
         <value>0x8279</value>
         <object_component_ref idref="oc-5b"/>
      </symbol>
      <symbol id="sm-a4d">
         <name>vT32_0_Handler</name>
         <value>0x8241</value>
         <object_component_ref idref="oc-55"/>
      </symbol>
      <symbol id="sm-a4e">
         <name>vInitialiseTimerForIntQueueTest</name>
         <value>0x50d1</value>
         <object_component_ref idref="oc-56a"/>
      </symbol>
      <symbol id="sm-a7c">
         <name>ulGetRunTimeCounterValue</name>
         <value>0x8019</value>
         <object_component_ref idref="oc-147"/>
      </symbol>
      <symbol id="sm-a7d">
         <name>vConfigureTimerForRunTimeStats</name>
         <value>0x88f9</value>
         <object_component_ref idref="oc-31c"/>
      </symbol>
      <symbol id="sm-b0b">
         <name>vRegisterSampleCLICommands</name>
         <value>0x86d1</value>
         <object_component_ref idref="oc-2f6"/>
      </symbol>
      <symbol id="sm-b57">
         <name>vUARTCommandConsoleStart</name>
         <value>0x7d59</value>
         <object_component_ref idref="oc-2f0"/>
      </symbol>
      <symbol id="sm-b6a">
         <name>main_full</name>
         <value>0x7a99</value>
         <object_component_ref idref="oc-1d9"/>
      </symbol>
      <symbol id="sm-bd7">
         <name>vUART_Handler</name>
         <value>0x5531</value>
         <object_component_ref idref="oc-4f"/>
      </symbol>
      <symbol id="sm-bd8">
         <name>xSerialPutChar</name>
         <value>0x7359</value>
         <object_component_ref idref="oc-744"/>
      </symbol>
      <symbol id="sm-bd9">
         <name>xUARTConfig</name>
         <value>0x906c</value>
         <object_component_ref idref="oc-37c"/>
      </symbol>
      <symbol id="sm-bda">
         <name>xSerialGetChar</name>
         <value>0x8d89</value>
         <object_component_ref idref="oc-73e"/>
      </symbol>
      <symbol id="sm-bdb">
         <name>xSerialPortInitMinimal</name>
         <value>0x66f9</value>
         <object_component_ref idref="oc-2ae"/>
      </symbol>
      <symbol id="sm-bdc">
         <name>vSerialPutString</name>
         <value>0x7009</value>
         <object_component_ref idref="oc-738"/>
      </symbol>
      <symbol id="sm-cd8">
         <name>vStartEventGroupTasks</name>
         <value>0x4e91</value>
         <object_component_ref idref="oc-2d8"/>
      </symbol>
      <symbol id="sm-da3">
         <name>vStartGenericQueueTasks</name>
         <value>0x5b49</value>
         <object_component_ref idref="oc-2c0"/>
      </symbol>
      <symbol id="sm-eca">
         <name>xHighPriorityNormallyEmptyTask1</name>
         <value>0x2000d1b4</value>
      </symbol>
      <symbol id="sm-ecb">
         <name>xHighPriorityNormallyEmptyTask2</name>
         <value>0x2000d1b8</value>
      </symbol>
      <symbol id="sm-ecc">
         <name>xHighPriorityNormallyFullTask1</name>
         <value>0x2000d1bc</value>
      </symbol>
      <symbol id="sm-ecd">
         <name>xHighPriorityNormallyFullTask2</name>
         <value>0x2000d1c0</value>
      </symbol>
      <symbol id="sm-ece">
         <name>vStartInterruptQueueTasks</name>
         <value>0x3cd1</value>
         <object_component_ref idref="oc-2b4"/>
      </symbol>
      <symbol id="sm-ecf">
         <name>xFirstTimerHandler</name>
         <value>0x2af1</value>
         <object_component_ref idref="oc-e6"/>
      </symbol>
      <symbol id="sm-ed0">
         <name>xSecondTimerHandler</name>
         <value>0x1211</value>
         <object_component_ref idref="oc-ed"/>
      </symbol>
      <symbol id="sm-f90">
         <name>xInterruptGivePeriod</name>
         <value>0x90fc</value>
         <object_component_ref idref="oc-901"/>
      </symbol>
      <symbol id="sm-f91">
         <name>vStartInterruptSemaphoreTasks</name>
         <value>0x4081</value>
         <object_component_ref idref="oc-2e4"/>
      </symbol>
      <symbol id="sm-1085">
         <name>vStartTaskNotifyTask</name>
         <value>0x8209</value>
         <object_component_ref idref="oc-2de"/>
      </symbol>
      <symbol id="sm-11ec">
         <name>vStartTimerDemoTask</name>
         <value>0x7599</value>
         <object_component_ref idref="oc-2d2"/>
      </symbol>
      <symbol id="sm-1252">
         <name>vStartCountingSemaphoreTasks</name>
         <value>0x6a19</value>
         <object_component_ref idref="oc-2ba"/>
      </symbol>
      <symbol id="sm-12e2">
         <name>vStartRecursiveMutexTasks</name>
         <value>0x6c01</value>
         <object_component_ref idref="oc-2c6"/>
      </symbol>
      <symbol id="sm-1322">
         <name>vStartSemaphoreTasks</name>
         <value>0x3f99</value>
         <object_component_ref idref="oc-2cc"/>
      </symbol>
      <symbol id="sm-138a">
         <name>vStartMathTasks</name>
         <value>0x35f1</value>
         <object_component_ref idref="oc-2ea"/>
      </symbol>
      <symbol id="sm-1398">
         <name>vFsmTask</name>
         <value>0x8b01</value>
         <object_component_ref idref="oc-1ec"/>
      </symbol>
      <symbol id="sm-13a2">
         <name>vPreSleepProcessing</name>
         <value>0x8df9</value>
         <object_component_ref idref="oc-7e0"/>
      </symbol>
      <symbol id="sm-1453">
         <name>CS_getMCLK</name>
         <value>0x8b61</value>
         <object_component_ref idref="oc-7d2"/>
      </symbol>
      <symbol id="sm-1454">
         <name>CS_clearInterruptFlag</name>
         <value>0x8791</value>
         <object_component_ref idref="oc-a0a"/>
      </symbol>
      <symbol id="sm-1455">
         <name>CS_getDCOFrequency</name>
         <value>0x2129</value>
         <object_component_ref idref="oc-a04"/>
      </symbol>
      <symbol id="sm-1456">
         <name>CS_setDCOCenteredFrequency</name>
         <value>0x8581</value>
         <object_component_ref idref="oc-369"/>
      </symbol>
      <symbol id="sm-1457">
         <name>CS_initClockSignal</name>
         <value>0x2e71</value>
         <object_component_ref idref="oc-36f"/>
      </symbol>
      <symbol id="sm-1466">
         <name>FlashCtl_setWaitState</name>
         <value>0x8401</value>
         <object_component_ref idref="oc-35d"/>
      </symbol>
      <symbol id="sm-1472">
         <name>FPU_enableModule</name>
         <value>0x8d19</value>
         <object_component_ref idref="oc-28f"/>
      </symbol>
      <symbol id="sm-14a9">
         <name>GPIO_setAsOutputPin</name>
         <value>0x8921</value>
         <object_component_ref idref="oc-2a1"/>
      </symbol>
      <symbol id="sm-14aa">
         <name>GPIO_setOutputLowOnPin</name>
         <value>0x8c39</value>
         <object_component_ref idref="oc-29b"/>
      </symbol>
      <symbol id="sm-14ab">
         <name>GPIO_toggleOutputOnPin</name>
         <value>0x8c51</value>
         <object_component_ref idref="oc-32f"/>
      </symbol>
      <symbol id="sm-14ac">
         <name>GPIO_setAsPeripheralModuleFunctionInputPin</name>
         <value>0x7649</value>
         <object_component_ref idref="oc-295"/>
      </symbol>
      <symbol id="sm-1518">
         <name>PCM_setCoreVoltageLevel</name>
         <value>0x8dc1</value>
         <object_component_ref idref="oc-363"/>
      </symbol>
      <symbol id="sm-1519">
         <name>PCM_getCoreVoltageLevel</name>
         <value>0x7959</value>
         <object_component_ref idref="oc-80b"/>
      </symbol>
      <symbol id="sm-151a">
         <name>PCM_getPowerMode</name>
         <value>0x8159</value>
         <object_component_ref idref="oc-805"/>
      </symbol>
      <symbol id="sm-151b">
         <name>PCM_getPowerState</name>
         <value>0x8d69</value>
         <object_component_ref idref="oc-811"/>
      </symbol>
      <symbol id="sm-151c">
         <name>PCM_setPowerMode</name>
         <value>0x8dc9</value>
         <object_component_ref idref="oc-817"/>
      </symbol>
      <symbol id="sm-1532">
         <name>SysCtl_getTLVInfo</name>
         <value>0x7a49</value>
         <object_component_ref idref="oc-a46"/>
      </symbol>
      <symbol id="sm-1569">
         <name>interruptVectors</name>
         <value>0x0</value>
         <object_component_ref idref="oc-10"/>
      </symbol>
      <symbol id="sm-15c5">
         <name>sprintf</name>
         <value>0x8831</value>
         <object_component_ref idref="oc-94c"/>
      </symbol>
      <symbol id="sm-15d6">
         <name>SystemInit</name>
         <value>0x7151</value>
         <object_component_ref idref="oc-ab"/>
      </symbol>
      <symbol id="sm-15e7">
         <name>_c_int00</name>
         <value>0x77a5</value>
         <object_component_ref idref="oc-25"/>
      </symbol>
      <symbol id="sm-15e8">
         <name>__stack</name>
         <value>0x2000fce0</value>
         <object_component_ref idref="oc-2b"/>
      </symbol>
      <symbol id="sm-15ff">
         <name>__TI_decompress_none</name>
         <value>0x8d59</value>
         <object_component_ref idref="oc-13"/>
      </symbol>
      <symbol id="sm-1622">
         <name>__TI_decompress_rle24</name>
         <value>0x524b</value>
         <object_component_ref idref="oc-19"/>
      </symbol>
      <symbol id="sm-1644">
         <name>C$$EXIT</name>
         <value>0x77f9</value>
         <object_component_ref idref="oc-a1"/>
      </symbol>
      <symbol id="sm-1645">
         <name>abort</name>
         <value>0x77fd</value>
         <object_component_ref idref="oc-a1"/>
      </symbol>
      <symbol id="sm-1646">
         <name>exit</name>
         <value>0x7805</value>
         <object_component_ref idref="oc-a1"/>
      </symbol>
      <symbol id="sm-1647">
         <name>__TI_dtors_ptr</name>
         <value>0x2000d55c</value>
         <object_component_ref idref="oc-130"/>
      </symbol>
      <symbol id="sm-1648">
         <name>__TI_cleanup_ptr</name>
         <value>0x2000d558</value>
         <object_component_ref idref="oc-130"/>
      </symbol>
      <symbol id="sm-1649">
         <name>__TI_enable_exit_profile_output</name>
         <value>0x2000d560</value>
         <object_component_ref idref="oc-130"/>
      </symbol>
      <symbol id="sm-165b">
         <name>__aeabi_cdrcmple</name>
         <value>0x6781</value>
         <object_component_ref idref="oc-71e"/>
      </symbol>
      <symbol id="sm-1666">
         <name>__aeabi_f2d</name>
         <value>0x81d1</value>
         <object_component_ref idref="oc-719"/>
      </symbol>
      <symbol id="sm-1682">
         <name>memcpy</name>
         <value>0x5c8f</value>
         <object_component_ref idref="oc-64"/>
      </symbol>
      <symbol id="sm-1683">
         <name>__aeabi_memcpy</name>
         <value>0x5c8f</value>
         <object_component_ref idref="oc-64"/>
      </symbol>
      <symbol id="sm-1684">
         <name>__aeabi_memcpy8</name>
         <value>0x5c8f</value>
         <object_component_ref idref="oc-64"/>
      </symbol>
      <symbol id="sm-1685">
         <name>__aeabi_memcpy4</name>
         <value>0x5c8f</value>
         <object_component_ref idref="oc-64"/>
      </symbol>
      <symbol id="sm-1694">
         <name>__aeabi_memset</name>
         <value>0x6a97</value>
         <object_component_ref idref="oc-7d"/>
      </symbol>
      <symbol id="sm-1695">
         <name>memset</name>
         <value>0x6a9d</value>
         <object_component_ref idref="oc-7d"/>
      </symbol>
      <symbol id="sm-1696">
         <name>__aeabi_memset8</name>
         <value>0x6a97</value>
         <object_component_ref idref="oc-7d"/>
      </symbol>
      <symbol id="sm-1697">
         <name>__aeabi_memset4</name>
         <value>0x6a97</value>
         <object_component_ref idref="oc-7d"/>
      </symbol>
      <symbol id="sm-1698">
         <name>__aeabi_memclr8</name>
         <value>0x6a95</value>
         <object_component_ref idref="oc-7d"/>
      </symbol>
      <symbol id="sm-1699">
         <name>__aeabi_memclr4</name>
         <value>0x6a95</value>
         <object_component_ref idref="oc-7d"/>
      </symbol>
      <symbol id="sm-169a">
         <name>__aeabi_memclr</name>
         <value>0x6a95</value>
         <object_component_ref idref="oc-7d"/>
      </symbol>
      <symbol id="sm-16a4">
         <name>__mpu_init</name>
         <value>0xe5d</value>
         <object_component_ref idref="oc-89"/>
      </symbol>
      <symbol id="sm-16ae">
         <name>_system_pre_init</name>
         <value>0xbad</value>
         <object_component_ref idref="oc-8f"/>
      </symbol>
      <symbol id="sm-16b6">
         <name>main_func_sp</name>
         <value>0x2000d5c0</value>
         <object_component_ref idref="oc-a7"/>
      </symbol>
      <symbol id="sm-16c5">
         <name>strcmp</name>
         <value>0x8bd9</value>
         <object_component_ref idref="oc-639"/>
      </symbol>
      <symbol id="sm-16d3">
         <name>strcpy</name>
         <value>0x8ca9</value>
         <object_component_ref idref="oc-74a"/>
      </symbol>
      <symbol id="sm-16e1">
         <name>strlen</name>
         <value>0x8cbd</value>
         <object_component_ref idref="oc-732"/>
      </symbol>
      <symbol id="sm-16f2">
         <name>strncat</name>
         <value>0x8809</value>
         <object_component_ref idref="oc-952"/>
      </symbol>
      <symbol id="sm-1702">
         <name>strncmp</name>
         <value>0x8859</value>
         <object_component_ref idref="oc-916"/>
      </symbol>
      <symbol id="sm-1712">
         <name>strncpy</name>
         <value>0x8491</value>
         <object_component_ref idref="oc-922"/>
      </symbol>
      <symbol id="sm-1721">
         <name>__aeabi_uidivmod</name>
         <value>0x7fd9</value>
         <object_component_ref idref="oc-a59"/>
      </symbol>
      <symbol id="sm-1722">
         <name>__aeabi_uidiv</name>
         <value>0x7fd9</value>
         <object_component_ref idref="oc-a59"/>
      </symbol>
      <symbol id="sm-173b">
         <name>_nop</name>
         <value>0x8ca3</value>
         <object_component_ref idref="oc-1fc"/>
      </symbol>
      <symbol id="sm-173c">
         <name>_lock</name>
         <value>0x2000d588</value>
         <object_component_ref idref="oc-133"/>
      </symbol>
      <symbol id="sm-173d">
         <name>_unlock</name>
         <value>0x2000d58c</value>
         <object_component_ref idref="oc-133"/>
      </symbol>
      <symbol id="sm-173e">
         <name>_register_lock</name>
         <value>0x8c9b</value>
         <object_component_ref idref="oc-1fc"/>
      </symbol>
      <symbol id="sm-173f">
         <name>_register_unlock</name>
         <value>0x8c95</value>
         <object_component_ref idref="oc-1fc"/>
      </symbol>
      <symbol id="sm-1753">
         <name>_args_main</name>
         <value>0x8bc1</value>
         <object_component_ref idref="oc-9b"/>
      </symbol>
      <symbol id="sm-1778">
         <name>__TI_auto_init</name>
         <value>0x6eb9</value>
         <object_component_ref idref="oc-95"/>
      </symbol>
      <symbol id="sm-1792">
         <name>copy_in</name>
         <value>0x7b85</value>
         <object_component_ref idref="oc-11a"/>
      </symbol>
      <symbol id="sm-179c">
         <name>__aeabi_idiv0</name>
         <value>0x8e7</value>
         <object_component_ref idref="oc-a71"/>
      </symbol>
      <symbol id="sm-17a6">
         <name>_system_post_cinit</name>
         <value>0xe5f</value>
         <object_component_ref idref="oc-120"/>
      </symbol>
      <symbol id="sm-17a7">
         <name>__TI_static_base__</name>
         <value>0x0</value>
      </symbol>
      <symbol id="sm-17aa">
         <name>SHT$$INIT_ARRAY$$Limit</name>
         <value>0x0</value>
      </symbol>
      <symbol id="sm-17ab">
         <name>SHT$$INIT_ARRAY$$Base</name>
         <value>0x0</value>
      </symbol>
   </symbol_table>
   <title>Link successful</title>
</link_info>
